Component: ARM Compiler 5.06 update 6 (build 750) Tool: armlink [4d35ed]

==============================================================================

Section Cross References

    main.o(i.ADC1_Config) refers to mdr32f9qx_adc.o(i.ADC_StructInit) for ADC_StructInit
    main.o(i.ADC1_Config) refers to mdr32f9qx_adc.o(i.ADC_Init) for ADC_Init
    main.o(i.ADC1_Config) refers to mdr32f9qx_adc.o(i.ADCx_StructInit) for ADCx_StructInit
    main.o(i.ADC1_Config) refers to mdr32f9qx_adc.o(i.ADC1_Init) for ADC1_Init
    main.o(i.ADC1_Config) refers to main.o(.bss) for sADC
    main.o(i.ADC2_Config) refers to mdr32f9qx_adc.o(i.ADC_StructInit) for ADC_StructInit
    main.o(i.ADC2_Config) refers to mdr32f9qx_adc.o(i.ADC_Init) for ADC_Init
    main.o(i.ADC2_Config) refers to mdr32f9qx_adc.o(i.ADCx_StructInit) for ADCx_StructInit
    main.o(i.ADC2_Config) refers to mdr32f9qx_adc.o(i.ADC2_Init) for ADC2_Init
    main.o(i.ADC2_Config) refers to main.o(.bss) for sADC
    main.o(i.ADC_Temp_Sensor_Config) refers to mdr32f9qx_rst_clk.o(i.RST_CLK_PCLKcmd) for RST_CLK_PCLKcmd
    main.o(i.ADC_Temp_Sensor_Config) refers to mdr32f9qx_adc.o(i.ADC_StructInit) for ADC_StructInit
    main.o(i.ADC_Temp_Sensor_Config) refers to mdr32f9qx_adc.o(i.ADC_Init) for ADC_Init
    main.o(i.ADC_Temp_Sensor_Config) refers to mdr32f9qx_adc.o(i.ADC1_Init) for ADC1_Init
    main.o(i.ADC_Temp_Sensor_Config) refers to main.o(.bss) for sADC
    main.o(i.BACKUP_IRQHandler) refers to mdr32f9qx_bkp.o(i.BKP_RTC_GetFlagStatus) for BKP_RTC_GetFlagStatus
    main.o(i.BACKUP_IRQHandler) refers to main.o(.data) for Seconds
    main.o(i.Command_Handler) refers to main.o(i.Start_Uart_sending) for Start_Uart_sending
    main.o(i.Command_Handler) refers to main.o(i.NVIC_EnableIRQ) for NVIC_EnableIRQ
    main.o(i.Command_Handler) refers to rt_memcpy_w.o(.text) for __aeabi_memcpy4
    main.o(i.Command_Handler) refers to rt_memclr_w.o(.text) for __aeabi_memclr4
    main.o(i.Command_Handler) refers to main.o(.bss) for Send_buffer
    main.o(i.Command_Handler) refers to main.o(.data) for INTERUPT_MODE
    main.o(i.EXT_INT1_IRQHandler) refers to main.o(i.NVIC_DisableIRQ) for NVIC_DisableIRQ
    main.o(i.EXT_INT1_IRQHandler) refers to mdr32f9qx_port.o(i.PORT_ReadInputDataBit) for PORT_ReadInputDataBit
    main.o(i.EXT_INT1_IRQHandler) refers to mdr32f9qx_adc.o(i.ADC1_Start) for ADC1_Start
    main.o(i.EXT_INT1_IRQHandler) refers to mdr32f9qx_adc.o(i.ADC2_Start) for ADC2_Start
    main.o(i.EXT_INT1_IRQHandler) refers to main.o(.bss) for Flux
    main.o(i.EXT_INT1_IRQHandler) refers to main.o(.data) for Program_flags
    main.o(i.EXT_INT2_IRQHandler) refers to main.o(i.NVIC_DisableIRQ) for NVIC_DisableIRQ
    main.o(i.EXT_INT2_IRQHandler) refers to mdr32f9qx_port.o(i.PORT_ReadInputDataBit) for PORT_ReadInputDataBit
    main.o(i.EXT_INT2_IRQHandler) refers to mdr32f9qx_adc.o(i.ADC1_Start) for ADC1_Start
    main.o(i.EXT_INT2_IRQHandler) refers to mdr32f9qx_adc.o(i.ADC2_Start) for ADC2_Start
    main.o(i.EXT_INT2_IRQHandler) refers to main.o(.bss) for Flux
    main.o(i.EXT_INT2_IRQHandler) refers to main.o(.data) for Program_flags
    main.o(i.EXT_INT3_IRQHandler) refers to main.o(i.NVIC_DisableIRQ) for NVIC_DisableIRQ
    main.o(i.EXT_INT3_IRQHandler) refers to mdr32f9qx_port.o(i.PORT_ReadInputDataBit) for PORT_ReadInputDataBit
    main.o(i.EXT_INT3_IRQHandler) refers to mdr32f9qx_adc.o(i.ADC1_Start) for ADC1_Start
    main.o(i.EXT_INT3_IRQHandler) refers to mdr32f9qx_adc.o(i.ADC2_Start) for ADC2_Start
    main.o(i.EXT_INT3_IRQHandler) refers to main.o(.bss) for Flux
    main.o(i.EXT_INT3_IRQHandler) refers to main.o(.data) for Program_flags
    main.o(i.EXT_INT4_IRQHandler) refers to main.o(i.NVIC_DisableIRQ) for NVIC_DisableIRQ
    main.o(i.EXT_INT4_IRQHandler) refers to mdr32f9qx_port.o(i.PORT_ReadInputDataBit) for PORT_ReadInputDataBit
    main.o(i.EXT_INT4_IRQHandler) refers to mdr32f9qx_adc.o(i.ADC1_Start) for ADC1_Start
    main.o(i.EXT_INT4_IRQHandler) refers to mdr32f9qx_adc.o(i.ADC2_Start) for ADC2_Start
    main.o(i.EXT_INT4_IRQHandler) refers to main.o(.bss) for Flux
    main.o(i.EXT_INT4_IRQHandler) refers to main.o(.data) for Program_flags
    main.o(i.EmableINTERUPT) refers to main.o(i.NVIC_EnableIRQ) for NVIC_EnableIRQ
    main.o(i.MltPinCfg) refers to mdr32f9qx_port.o(i.PORT_Init) for PORT_Init
    main.o(i.MltPinCfg) refers to main.o(.bss) for PortInit
    main.o(i.Next_Uart_sending) refers to mdr32f9qx_uart.o(i.UART_GetFlagStatus) for UART_GetFlagStatus
    main.o(i.Next_Uart_sending) refers to mdr32f9qx_uart.o(i.UART_SendData) for UART_SendData
    main.o(i.Next_Uart_sending) refers to mdr32f9qx_port.o(i.PORT_ResetBits) for PORT_ResetBits
    main.o(i.Next_Uart_sending) refers to main.o(.data) for P_current
    main.o(i.Put_to_CODE) refers to main.o(.data) for J_ADC
    main.o(i.Put_to_CODE) refers to main.o(.bss) for ADC_codes
    main.o(i.Put_to_CODE_2) refers to main.o(.data) for J_ADC
    main.o(i.Put_to_CODE_2) refers to main.o(.bss) for ADC_codes
[...]
    libinit.o(.ARM.Collect$$libinit$$00000000) refers (Special) to libinit2.o(.ARM.Collect$$libinit$$0000000C) for __rt_lib_init_user_alloc_1
    libspace.o(.text) refers to libspace.o(.bss) for __libspace_start
    rtexit.o(.ARM.Collect$$rtexit$$00000000) refers (Special) to rtexit2.o(.ARM.Collect$$rtexit$$00000004) for __rt_exit_exit
    rtexit.o(.ARM.Collect$$rtexit$$00000000) refers (Special) to rtexit2.o(.ARM.Collect$$rtexit$$00000003) for __rt_exit_ls
    rtexit.o(.ARM.Collect$$rtexit$$00000000) refers (Special) to rtexit2.o(.ARM.Collect$$rtexit$$00000002) for __rt_exit_prels_1
    rtexit.o(.ARM.exidx) refers (Special) to rtexit2.o(.ARM.Collect$$rtexit$$00000004) for __rt_exit_exit
    rtexit.o(.ARM.exidx) refers (Special) to rtexit2.o(.ARM.Collect$$rtexit$$00000003) for __rt_exit_ls
    rtexit.o(.ARM.exidx) refers (Special) to rtexit2.o(.ARM.Collect$$rtexit$$00000002) for __rt_exit_prels_1
    rtexit.o(.ARM.exidx) refers to rtexit.o(.ARM.Collect$$rtexit$$00000000) for .ARM.Collect$$rtexit$$00000000
    libinit2.o(.ARM.Collect$$libinit$$00000010) refers to libinit2.o(.ARM.Collect$$libinit$$0000000F) for .ARM.Collect$$libinit$$0000000F
    libinit2.o(.ARM.Collect$$libinit$$00000012) refers to libinit2.o(.ARM.Collect$$libinit$$0000000F) for .ARM.Collect$$libinit$$0000000F
    libinit2.o(.ARM.Collect$$libinit$$00000014) refers to libinit2.o(.ARM.Collect$$libinit$$0000000F) for .ARM.Collect$$libinit$$0000000F
    libinit2.o(.ARM.Collect$$libinit$$00000016) refers to libinit2.o(.ARM.Collect$$libinit$$0000000F) for .ARM.Collect$$libinit$$0000000F
    libinit2.o(.ARM.Collect$$libinit$$00000018) refers to libinit2.o(.ARM.Collect$$libinit$$0000000F) for .ARM.Collect$$libinit$$0000000F
    libinit2.o(.ARM.Collect$$libinit$$00000026) refers to argv_veneer.o(.emb_text) for __ARM_argv_veneer
    libinit2.o(.ARM.Collect$$libinit$$00000027) refers to argv_veneer.o(.emb_text) for __ARM_argv_veneer
    rtexit2.o(.ARM.Collect$$rtexit$$00000003) refers to libshutdown.o(.ARM.Collect$$libshutdown$$00000000) for __rt_lib_shutdown
    rtexit2.o(.ARM.Collect$$rtexit$$00000004) refers to sys_exit.o(.text) for _sys_exit
    rtexit2.o(.ARM.exidx) refers to rtexit2.o(.ARM.Collect$$rtexit$$00000001) for .ARM.Collect$$rtexit$$00000001
    rtexit2.o(.ARM.exidx) refers to rtexit2.o(.ARM.Collect$$rtexit$$00000003) for .ARM.Collect$$rtexit$$00000003
    rtexit2.o(.ARM.exidx) refers to rtexit2.o(.ARM.Collect$$rtexit$$00000004) for .ARM.Collect$$rtexit$$00000004
    argv_veneer.o(.emb_text) refers to no_argv.o(.text) for __ARM_get_argv
    sys_exit.o(.text) refers (Special) to use_no_semi.o(.text) for __I$use$semihosting
    sys_exit.o(.text) refers (Special) to indicate_semi.o(.text) for __semihosting_library_function
    _get_argv_nomalloc.o(.text) refers (Special) to hrguard.o(.text) for __heap_region$guard
    _get_argv_nomalloc.o(.text) refers to defsig_rtmem_outer.o(.text) for __rt_SIGRTMEM
    _get_argv_nomalloc.o(.text) refers to sys_command.o(.text) for _sys_command_string
    libshutdown.o(.ARM.Collect$$libshutdown$$00000000) refers (Special) to libshutdown2.o(.ARM.Collect$$libshutdown$$00000002) for __rt_lib_shutdown_cpp_1
    libshutdown.o(.ARM.Collect$$libshutdown$$00000000) refers (Special) to libshutdown2.o(.ARM.Collect$$libshutdown$$00000007) for __rt_lib_shutdown_fp_trap_1
    libshutdown.o(.ARM.Collect$$libshutdown$$00000000) refers (Special) to libshutdown2.o(.ARM.Collect$$libshutdown$$0000000F) for __rt_lib_shutdown_heap_1
    libshutdown.o(.ARM.Collect$$libshutdown$$00000000) refers (Special) to libshutdown2.o(.ARM.Collect$$libshutdown$$00000010) for __rt_lib_shutdown_return
    libshutdown.o(.ARM.Collect$$libshutdown$$00000000) refers (Special) to libshutdown2.o(.ARM.Collect$$libshutdown$$0000000A) for __rt_lib_shutdown_signal_1
    libshutdown.o(.ARM.Collect$$libshutdown$$00000000) refers (Special) to libshutdown2.o(.ARM.Collect$$libshutdown$$00000004) for __rt_lib_shutdown_stdio_1
    libshutdown.o(.ARM.Collect$$libshutdown$$00000000) refers (Special) to libshutdown2.o(.ARM.Collect$$libshutdown$$0000000C) for __rt_lib_shutdown_user_alloc_1
    sys_command.o(.text) refers (Special) to use_no_semi.o(.text) for __I$use$semihosting
    sys_command.o(.text) refers (Special) to indicate_semi.o(.text) for __semihosting_library_function
    defsig_rtmem_outer.o(.text) refers to defsig_rtmem_inner.o(.text) for __rt_SIGRTMEM_inner
    defsig_rtmem_outer.o(.text) refers to defsig_exit.o(.text) for __sig_exit
    defsig_rtmem_formal.o(.text) refers to rt_raise.o(.text) for __rt_raise
    rt_raise.o(.text) refers to __raise.o(.text) for __raise
    rt_raise.o(.text) refers to sys_exit.o(.text) for _sys_exit
    defsig_exit.o(.text) refers to sys_exit.o(.text) for _sys_exit
    defsig_rtmem_inner.o(.text) refers to defsig_general.o(.text) for __default_signal_display
    __raise.o(.text) refers to defsig.o(CL$$defsig) for __default_signal_handler
    defsig_general.o(.text) refers to sys_wrch.o(.text) for _ttywrch
    sys_wrch.o(.text) refers (Special) to use_no_semi.o(.text) for __I$use$semihosting
    sys_wrch.o(.text) refers (Special) to indicate_semi.o(.text) for __semihosting_library_function
    defsig.o(CL$$defsig) refers to defsig_rtmem_inner.o(.text) for __rt_SIGRTMEM_inner
    defsig_abrt_inner.o(.text) refers to defsig_general.o(.text) for __default_signal_display
    defsig_fpe_inner.o(.text) refers to defsig_general.o(.text) for __default_signal_display
    defsig_rtred_inner.o(.text) refers to defsig_general.o(.text) for __default_signal_display
    defsig_stak_inner.o(.text) refers to defsig_general.o(.text) for __default_signal_display
    defsig_pvfn_inner.o(.text) refers to defsig_general.o(.text) for __default_signal_display
    defsig_cppl_inner.o(.text) refers to defsig_general.o(.text) for __default_signal_display
    defsig_segv_inner.o(.text) refers to defsig_general.o(.text) for __default_signal_display
    defsig_other.o(.text) refers to defsig_general.o(.text) for __default_signal_display


==============================================================================

Removing Unused input sections from the image.

    Removing main.o(.rev16_text), (4 bytes).
    Removing main.o(.revsh_text), (4 bytes).
    Removing main.o(i.ADC_Temp_Sensor_Config), (80 bytes).
    Removing main.o(i.Counter_Compression), (56 bytes).
    Removing main.o(i.Delay), (18 bytes).
    Removing main.o(i.RTC_Configuration), (72 bytes).
    Removing main.o(i.Sleep), (28 bytes).
    Removing main.o(i.Timer_init), (76 bytes).
    Removing main.o(i.Uart2PinCfg), (68 bytes).
    Removing main.o(i.Uart2Setup), (76 bytes).
    Removing main.o(i.test_init_Tcounts), (2 bytes).
    Removing mdr32f9qx_it.o(.rev16_text), (4 bytes).
    Removing mdr32f9qx_it.o(.revsh_text), (4 bytes).
    Removing system_mdr32f9qx.o(.rev16_text), (4 bytes).
    Removing system_mdr32f9qx.o(.revsh_text), (4 bytes).
    Removing mdr32f9qx_adc.o(.rev16_text), (4 bytes).
    Removing mdr32f9qx_adc.o(.revsh_text), (4 bytes).
    Removing mdr32f9qx_adc.o(i.ADC1_ChannelSwithingConfig), (20 bytes).
    Removing mdr32f9qx_adc.o(i.ADC1_ClearOutOfRangeFlag), (20 bytes).
    Removing mdr32f9qx_adc.o(i.ADC1_ClearOverwriteFlag), (20 bytes).
    Removing mdr32f9qx_adc.o(i.ADC1_GetFlagStatus), (24 bytes).
    Removing mdr32f9qx_adc.o(i.ADC1_GetITStatus), (28 bytes).
    Removing mdr32f9qx_adc.o(i.ADC1_GetStatus), (12 bytes).
    Removing mdr32f9qx_adc.o(i.ADC1_ITConfig), (28 bytes).
    Removing mdr32f9qx_adc.o(i.ADC1_LevelsConfig), (28 bytes).
    Removing mdr32f9qx_adc.o(i.ADC1_OperationModeConfig), (24 bytes).
    Removing mdr32f9qx_adc.o(i.ADC1_SamplingModeConfig), (20 bytes).
    Removing mdr32f9qx_adc.o(i.ADC1_SetChannel), (24 bytes).
    Removing mdr32f9qx_adc.o(i.ADC1_SetChannels), (12 bytes).
    Removing mdr32f9qx_adc.o(i.ADC1_SetHighLevel), (12 bytes).
    Removing mdr32f9qx_adc.o(i.ADC1_SetLowLevel), (12 bytes).
    Removing mdr32f9qx_adc.o(i.ADC2_ChannelSwithingConfig), (20 bytes).
    Removing mdr32f9qx_adc.o(i.ADC2_ClearOutOfRangeFlag), (20 bytes).
    Removing mdr32f9qx_adc.o(i.ADC2_ClearOverwriteFlag), (20 bytes).
    Removing mdr32f9qx_adc.o(i.ADC2_GetFlagStatus), (24 bytes).
    Removing mdr32f9qx_adc.o(i.ADC2_GetITStatus), (28 bytes).
    Removing mdr32f9qx_adc.o(i.ADC2_GetStatus), (12 bytes).
    Removing mdr32f9qx_adc.o(i.ADC2_ITConfig), (28 bytes).
    Removing mdr32f9qx_adc.o(i.ADC2_LevelsConfig), (28 bytes).
    Removing mdr32f9qx_adc.o(i.ADC2_OperationModeConfig), (24 bytes).
    Removing mdr32f9qx_adc.o(i.ADC2_SamplingModeConfig), (20 bytes).
    Removing mdr32f9qx_adc.o(i.ADC2_SetChannel), (24 bytes).
    Removing mdr32f9qx_adc.o(i.ADC2_SetChannels), (12 bytes).
    Removing mdr32f9qx_adc.o(i.ADC2_SetHighLevel), (12 bytes).
    Removing mdr32f9qx_adc.o(i.ADC2_SetLowLevel), (12 bytes).
    Removing mdr32f9qx_adc.o(i.ADC_GetITStatus), (28 bytes).
    Removing mdr32f9qx_adc.o(i.ADC_ITConfig), (52 bytes).
    Removing mdr32f9qx_adc.o(i.ADC_SetTrim), (24 bytes).
    Removing mdr32f9qx_bkp.o(.rev16_text), (4 bytes).
    Removing mdr32f9qx_bkp.o(.revsh_text), (4 bytes).
    Removing mdr32f9qx_bkp.o(i.BKP_DeInit), (76 bytes).
    Removing mdr32f9qx_bkp.o(i.BKP_JTAGA_CMD), (12 bytes).
    Removing mdr32f9qx_bkp.o(i.BKP_JTAGB_CMD), (12 bytes).
    Removing mdr32f9qx_bkp.o(i.BKP_RTC_Calibration), (28 bytes).
    Removing mdr32f9qx_bkp.o(i.BKP_RTC_GetCounter), (12 bytes).
    Removing mdr32f9qx_bkp.o(i.BKP_RTC_GetDivider), (12 bytes).
    Removing mdr32f9qx_port.o(.rev16_text), (4 bytes).
    Removing mdr32f9qx_port.o(.revsh_text), (4 bytes).
    Removing mdr32f9qx_port.o(i.PORT_DeInit), (20 bytes).
    Removing mdr32f9qx_port.o(i.PORT_StructInit), (28 bytes).
    Removing mdr32f9qx_port.o(i.PORT_Write), (24 bytes).
    Removing mdr32f9qx_port.o(i.PORT_WriteBit), (44 bytes).
    Removing mdr32f9qx_rst_clk.o(.rev16_text), (4 bytes).
    Removing mdr32f9qx_rst_clk.o(.revsh_text), (4 bytes).
    Removing mdr32f9qx_rst_clk.o(i.RST_CLK_ADCclkEnable), (12 bytes).
    Removing mdr32f9qx_rst_clk.o(i.RST_CLK_ADCclkPrescaler), (24 bytes).
    Removing mdr32f9qx_rst_clk.o(i.RST_CLK_ADCclkSelection), (20 bytes).
    Removing mdr32f9qx_rst_clk.o(i.RST_CLK_CPUclkPrescaler), (24 bytes).
    Removing mdr32f9qx_rst_clk.o(i.RST_CLK_HSIadjust), (24 bytes).
    Removing mdr32f9qx_rst_clk.o(i.RST_CLK_HSIclkPrescaler), (24 bytes).
    Removing mdr32f9qx_rst_clk.o(i.RST_CLK_LSEconfig), (60 bytes).
    Removing mdr32f9qx_rst_clk.o(i.RST_CLK_LSEstatus), (52 bytes).
    Removing mdr32f9qx_rst_clk.o(i.RST_CLK_LSIadjust), (24 bytes).
    Removing mdr32f9qx_rst_clk.o(i.RST_CLK_LSIcmd), (12 bytes).
    Removing mdr32f9qx_rst_clk.o(i.RST_CLK_LSIstatus), (52 bytes).
    Removing mdr32f9qx_rst_clk.o(i.RST_CLK_RTC_HSIclkEnable), (12 bytes).
    Removing mdr32f9qx_rst_clk.o(i.RST_CLK_USB_PLLcmd), (12 bytes).
    Removing mdr32f9qx_rst_clk.o(i.RST_CLK_USB_PLLconfig), (64 bytes).
    Removing mdr32f9qx_rst_clk.o(i.RST_CLK_USB_PLLstatus), (52 bytes).
    Removing mdr32f9qx_rst_clk.o(i.RST_CLK_USB_PLLuse), (12 bytes).
    Removing mdr32f9qx_rst_clk.o(i.RST_CLK_USBclkEnable), (12 bytes).
    Removing mdr32f9qx_rst_clk.o(i.RST_CLK_USBclkPrescaler), (12 bytes).
    Removing mdr32f9qx_timer.o(.rev16_text), (4 bytes).
    Removing mdr32f9qx_timer.o(.revsh_text), (4 bytes).
    Removing mdr32f9qx_timer.o(i.TIMER_BRGInit), (84 bytes).
    Removing mdr32f9qx_timer.o(i.TIMER_BRKPolarityConfig), (14 bytes).
    Removing mdr32f9qx_timer.o(i.TIMER_ChnBRKResetConfig), (24 bytes).
    Removing mdr32f9qx_timer.o(i.TIMER_ChnCCR1_Cmd), (30 bytes).
    Removing mdr32f9qx_timer.o(i.TIMER_ChnCCR1_EventSourceConfig), (24 bytes).
    Removing mdr32f9qx_timer.o(i.TIMER_ChnCapturePrescalerConfig), (26 bytes).
    Removing mdr32f9qx_timer.o(i.TIMER_ChnCompare1Config), (32 bytes).
    Removing mdr32f9qx_timer.o(i.TIMER_ChnCompareConfig), (32 bytes).
    Removing mdr32f9qx_timer.o(i.TIMER_ChnETRResetConfig), (24 bytes).
    Removing mdr32f9qx_timer.o(i.TIMER_ChnETR_Cmd), (30 bytes).
    Removing mdr32f9qx_timer.o(i.TIMER_ChnEventSourceConfig), (24 bytes).
    Removing mdr32f9qx_timer.o(i.TIMER_ChnFilterConfig), (24 bytes).
    Removing mdr32f9qx_timer.o(i.TIMER_ChnInit), (70 bytes).
    Removing mdr32f9qx_timer.o(i.TIMER_ChnNOutConfig), (36 bytes).
    Removing mdr32f9qx_timer.o(i.TIMER_ChnNOutModeConfig), (26 bytes).
    Removing mdr32f9qx_timer.o(i.TIMER_ChnNOutPolarityConfig), (26 bytes).
    Removing mdr32f9qx_timer.o(i.TIMER_ChnNOutSourceConfig), (26 bytes).
    Removing mdr32f9qx_timer.o(i.TIMER_ChnOutConfig), (34 bytes).
    Removing mdr32f9qx_timer.o(i.TIMER_ChnOutDTGConfig), (20 bytes).
    Removing mdr32f9qx_timer.o(i.TIMER_ChnOutInit), (66 bytes).
    Removing mdr32f9qx_timer.o(i.TIMER_ChnOutModeConfig), (24 bytes).
    Removing mdr32f9qx_timer.o(i.TIMER_ChnOutPolarityConfig), (26 bytes).
    Removing mdr32f9qx_timer.o(i.TIMER_ChnOutSourceConfig), (26 bytes).
    Removing mdr32f9qx_timer.o(i.TIMER_ChnOutStructInit), (22 bytes).
    Removing mdr32f9qx_timer.o(i.TIMER_ChnREFFormatConfig), (24 bytes).
    Removing mdr32f9qx_timer.o(i.TIMER_ChnStructInit), (28 bytes).
    Removing mdr32f9qx_timer.o(i.TIMER_ClearFlag), (6 bytes).
    Removing mdr32f9qx_timer.o(i.TIMER_Cmd), (20 bytes).
    Removing mdr32f9qx_timer.o(i.TIMER_CntAutoreloadConfig), (18 bytes).
    Removing mdr32f9qx_timer.o(i.TIMER_CntEventSourceConfig), (14 bytes).
    Removing mdr32f9qx_timer.o(i.TIMER_CntInit), (54 bytes).
    Removing mdr32f9qx_timer.o(i.TIMER_CntStructInit), (28 bytes).
    Removing mdr32f9qx_timer.o(i.TIMER_CounterModeConfig), (14 bytes).
    Removing mdr32f9qx_timer.o(i.TIMER_DMACmd), (18 bytes).
    Removing mdr32f9qx_timer.o(i.TIMER_DeInit), (68 bytes).
    Removing mdr32f9qx_timer.o(i.TIMER_ETRFilterConfig), (16 bytes).
    Removing mdr32f9qx_timer.o(i.TIMER_ETRInputConfig), (22 bytes).
    Removing mdr32f9qx_timer.o(i.TIMER_ETRPolarityConfig), (14 bytes).
    Removing mdr32f9qx_timer.o(i.TIMER_ETRPrescalerConfig), (14 bytes).
    Removing mdr32f9qx_timer.o(i.TIMER_FilterSamplingConfig), (14 bytes).
    Removing mdr32f9qx_timer.o(i.TIMER_GetChnCapture), (18 bytes).
    Removing mdr32f9qx_timer.o(i.TIMER_GetChnCapture1), (18 bytes).
    Removing mdr32f9qx_timer.o(i.TIMER_GetChnWriteComplete), (28 bytes).
    Removing mdr32f9qx_timer.o(i.TIMER_GetCntWriteComplete), (18 bytes).
    Removing mdr32f9qx_timer.o(i.TIMER_GetCounter), (8 bytes).
    Removing mdr32f9qx_timer.o(i.TIMER_GetCounterDirection), (18 bytes).
    Removing mdr32f9qx_timer.o(i.TIMER_GetFlagStatus), (16 bytes).
    Removing mdr32f9qx_timer.o(i.TIMER_GetStatus), (6 bytes).
    Removing mdr32f9qx_timer.o(i.TIMER_ITConfig), (18 bytes).
    Removing mdr32f9qx_timer.o(i.TIMER_SetChnCompare), (14 bytes).
    Removing mdr32f9qx_timer.o(i.TIMER_SetChnCompare1), (14 bytes).
    Removing mdr32f9qx_timer.o(i.TIMER_SetCntAutoreload), (4 bytes).
    Removing mdr32f9qx_timer.o(i.TIMER_SetCntPrescaler), (4 bytes).
    Removing mdr32f9qx_timer.o(i.TIMER_SetCounter), (4 bytes).
    Removing mdr32f9qx_timer.o(i.TIMER_SetCounterDirection), (14 bytes).
    Removing mdr32f9qx_uart.o(.rev16_text), (4 bytes).
    Removing mdr32f9qx_uart.o(.revsh_text), (4 bytes).
    Removing mdr32f9qx_uart.o(i.UART_BreakLine), (24 bytes).
    Removing mdr32f9qx_uart.o(i.UART_DMACmd), (24 bytes).
    Removing mdr32f9qx_uart.o(i.UART_DMAConfig), (8 bytes).
    Removing mdr32f9qx_uart.o(i.UART_DeInit), (38 bytes).
    Removing mdr32f9qx_uart.o(i.UART_GetITStatus), (18 bytes).
    Removing mdr32f9qx_uart.o(i.UART_ITConfig), (18 bytes).
    Removing mdr32f9qx_uart.o(i.UART_IrDACmd), (24 bytes).
    Removing mdr32f9qx_uart.o(i.UART_IrDAConfig), (40 bytes).
    Removing mdr32f9qx_uart.o(i.UART_StructInit), (24 bytes).

150 unused section(s) (total 3554 bytes) removed from the image.

==============================================================================

Image Symbol Table

    Local Symbols

    Symbol Name                              Value     Ov Type        Size  Object(Section)

    ../clib/angel/boardlib.s                 0x00000000   Number         0  boardinit2.o ABSOLUTE
    ../clib/angel/boardlib.s                 0x00000000   Number         0  boardinit1.o ABSOLUTE
    ../clib/angel/boardlib.s                 0x00000000   Number         0  boardshut.o ABSOLUTE
    ../clib/angel/boardlib.s                 0x00000000   Number         0  boardinit3.o ABSOLUTE
    ../clib/angel/handlers.s                 0x00000000   Number         0  __scatter_copy.o ABSOLUTE
    ../clib/angel/handlers.s                 0x00000000   Number         0  __scatter_zi.o ABSOLUTE
    ../clib/angel/kernel.s                   0x00000000   Number         0  __rtentry2.o ABSOLUTE
    ../clib/angel/kernel.s                   0x00000000   Number         0  __rtentry4.o ABSOLUTE
    ../clib/angel/kernel.s                   0x00000000   Number         0  __rtentry.o ABSOLUTE
    ../clib/angel/kernel.s                   0x00000000   Number         0  rtexit2.o ABSOLUTE
    ../clib/angel/kernel.s                   0x00000000   Number         0  rtexit.o ABSOLUTE
    ../clib/angel/rt.s                       0x00000000   Number         0  rt_raise.o ABSOLUTE
    ../clib/angel/scatter.s                  0x00000000   Number         0  __scatter.o ABSOLUTE
    ../clib/angel/startup.s                  0x00000000   Number         0  __main.o ABSOLUTE
    ../clib/angel/sys.s                      0x00000000   Number         0  libspace.o ABSOLUTE
    ../clib/angel/sys.s                      0x00000000   Number         0  sys_stackheap_outer.o ABSOLUTE
    ../clib/angel/sys.s                      0x00000000   Number         0  use_no_semi.o ABSOLUTE
    ../clib/angel/sys.s                      0x00000000   Number         0  indicate_semi.o ABSOLUTE
    ../clib/angel/sysapp.c                   0x00000000   Number         0  sys_wrch.o ABSOLUTE
    ../clib/angel/sysapp.c                   0x00000000   Number         0  sys_command.o ABSOLUTE
    ../clib/angel/sysapp.c                   0x00000000   Number         0  sys_exit.o ABSOLUTE
    ../clib/armsys.c                         0x00000000   Number         0  no_argv.o ABSOLUTE
    ../clib/armsys.c                         0x00000000   Number         0  _get_argv_nomalloc.o ABSOLUTE
    ../clib/armsys.c                         0x00000000   Number         0  argv_veneer.o ABSOLUTE
    ../clib/armsys.c                         0x00000000   Number         0  argv_veneer.o ABSOLUTE
    ../clib/heapalloc.c                      0x00000000   Number         0  hrguard.o ABSOLUTE
    ../clib/heapaux.c                        0x00000000   Number         0  heapauxi.o ABSOLUTE
    ../clib/libinit.s                        0x00000000   Number         0  libinit2.o ABSOLUTE
    ../clib/libinit.s                        0x00000000   Number         0  libinit.o ABSOLUTE
    ../clib/libinit.s                        0x00000000   Number         0  libshutdown.o ABSOLUTE
    ../clib/libinit.s                        0x00000000   Number         0  libshutdown2.o ABSOLUTE
    ../clib/memcpset.s                       0x00000000   Number         0  rt_memclr_w.o ABSOLUTE
    ../clib/memcpset.s                       0x00000000   Number         0  rt_memcpy_w.o ABSOLUTE
    ../clib/signal.c                         0x00000000   Number         0  defsig_cppl_inner.o ABSOLUTE
    ../clib/signal.c                         0x00000000   Number         0  defsig_general.o ABSOLUTE
    ../clib/signal.c                         0x00000000   Number         0  defsig_rtmem_inner.o ABSOLUTE
    ../clib/signal.c                         0x00000000   Number         0  defsig_exit.o ABSOLUTE
    ../clib/signal.c                         0x00000000   Number         0  defsig_segv_inner.o ABSOLUTE
    ../clib/signal.c                         0x00000000   Number         0  defsig_other.o ABSOLUTE
    ../clib/signal.c                         0x00000000   Number         0  defsig_rtmem_formal.o ABSOLUTE
    ../clib/signal.c                         0x00000000   Number         0  defsig_rtmem_outer.o ABSOLUTE
    ../clib/signal.c                         0x00000000   Number         0  __raise.o ABSOLUTE
    ../clib/signal.c                         0x00000000   Number         0  defsig_rtred_inner.o ABSOLUTE
    ../clib/signal.c                         0x00000000   Number         0  defsig_abrt_inner.o ABSOLUTE
    ../clib/signal.c                         0x00000000   Number         0  defsig_fpe_inner.o ABSOLUTE
    ../clib/signal.c                         0x00000000   Number         0  defsig_stak_inner.o ABSOLUTE
    ../clib/signal.c                         0x00000000   Number         0  defsig_pvfn_inner.o ABSOLUTE
    ../clib/signal.s                         0x00000000   Number         0  defsig.o ABSOLUTE
    ../clib/stdlib.c                         0x00000000   Number         0  exit.o ABSOLUTE
    ../fplib/fpinit.s                        0x00000000   Number         0  fpinit.o ABSOLUTE
    C:\Users\User\AppData\Local\Arm\Packs\Keil\MDR1986BExx\1.5.3\Libraries\MDR32F9Qx_StdPeriph_Driver\src\MDR32F9Qx_adc.c 0x00000000   Number         0  mdr32f9qx_adc.o ABSOLUTE
    C:\Users\User\AppData\Local\Arm\Packs\Keil\MDR1986BExx\1.5.3\Libraries\MDR32F9Qx_StdPeriph_Driver\src\MDR32F9Qx_bkp.c 0x00000000   Number         0  mdr32f9qx_bkp.o ABSOLUTE
    C:\Users\User\AppData\Local\Arm\Packs\Keil\MDR1986BExx\1.5.3\Libraries\MDR32F9Qx_StdPeriph_Driver\src\MDR32F9Qx_port.c 0x00000000   Number         0  mdr32f9qx_port.o ABSOLUTE
    C:\Users\User\AppData\Local\Arm\Packs\Keil\MDR1986BExx\1.5.3\Libraries\MDR32F9Qx_StdPeriph_Driver\src\MDR32F9Qx_rst_clk.c 0x00000000   Number         0  mdr32f9qx_rst_clk.o ABSOLUTE
    C:\Users\User\AppData\Local\Arm\Packs\Keil\MDR1986BExx\1.5.3\Libraries\MDR32F9Qx_StdPeriph_Driver\src\MDR32F9Qx_timer.c 0x00000000   Number         0  mdr32f9qx_timer.o ABSOLUTE
    C:\Users\User\AppData\Local\Arm\Packs\Keil\MDR1986BExx\1.5.3\Libraries\MDR32F9Qx_StdPeriph_Driver\src\MDR32F9Qx_uart.c 0x00000000   Number         0  mdr32f9qx_uart.o ABSOLUTE
    C:\\Users\\User\\AppData\\Local\\Arm\\Packs\\Keil\\MDR1986BExx\\1.5.3\\Libraries\\MDR32F9Qx_StdPeriph_Driver\\src\\MDR32F9Qx_adc.c 0x00000000   Number         0  mdr32f9qx_adc.o ABSOLUTE
    C:\\Users\\User\\AppData\\Local\\Arm\\Packs\\Keil\\MDR1986BExx\\1.5.3\\Libraries\\MDR32F9Qx_StdPeriph_Driver\\src\\MDR32F9Qx_bkp.c 0x00000000   Number         0  mdr32f9qx_bkp.o ABSOLUTE
    C:\\Users\\User\\AppData\\Local\\Arm\\Packs\\Keil\\MDR1986BExx\\1.5.3\\Libraries\\MDR32F9Qx_StdPeriph_Driver\\src\\MDR32F9Qx_port.c 0x00000000   Number         0  mdr32f9qx_port.o ABSOLUTE
    C:\\Users\\User\\AppData\\Local\\Arm\\Packs\\Keil\\MDR1986BExx\\1.5.3\\Libraries\\MDR32F9Qx_StdPeriph_Driver\\src\\MDR32F9Qx_rst_clk.c 0x00000000   Number         0  mdr32f9qx_rst_clk.o ABSOLUTE
    C:\\Users\\User\\AppData\\Local\\Arm\\Packs\\Keil\\MDR1986BExx\\1.5.3\\Libraries\\MDR32F9Qx_StdPeriph_Driver\\src\\MDR32F9Qx_timer.c 0x00000000   Number         0  mdr32f9qx_timer.o ABSOLUTE
    C:\\Users\\User\\AppData\\Local\\Arm\\Packs\\Keil\\MDR1986BExx\\1.5.3\\Libraries\\MDR32F9Qx_StdPeriph_Driver\\src\\MDR32F9Qx_uart.c 0x00000000   Number         0  mdr32f9qx_uart.o ABSOLUTE
    MDR32F9Qx_it.c                           0x00000000   Number         0  mdr32f9qx_it.o ABSOLUTE
    MDR32F9Qx_it.c                           0x00000000   Number         0  mdr32f9qx_it.o ABSOLUTE
    RTE\Device\MDR1986BE91\startup_MDR32F9Qx.s 0x00000000   Number         0  startup_mdr32f9qx.o ABSOLUTE
    RTE\Device\MDR1986BE91\system_MDR32F9Qx.c 0x00000000   Number         0  system_mdr32f9qx.o ABSOLUTE
    RTE\\Device\\MDR1986BE91\\system_MDR32F9Qx.c 0x00000000   Number         0  system_mdr32f9qx.o ABSOLUTE
    dc.s                                     0x00000000   Number         0  dc.o ABSOLUTE
    main.c                                   0x00000000   Number         0  main.o ABSOLUTE
    main.c                                   0x00000000   Number         0  main.o ABSOLUTE
    RESET                                    0x20000000   Section      192  startup_mdr32f9qx.o(RESET)
    !!!main                                  0x200000c0   Section        8  __main.o(!!!main)
    !!!scatter                               0x200000c8   Section       52  __scatter.o(!!!scatter)
    !!handler_copy                           0x200000fc   Section       26  __scatter_copy.o(!!handler_copy)
    !!handler_zi                             0x20000118   Section       28  __scatter_zi.o(!!handler_zi)
    .ARM.Collect$$libinit$$00000000          0x20000134   Section        2  libinit.o(.ARM.Collect$$libinit$$00000000)
    .ARM.Collect$$libinit$$00000002          0x20000136   Section        0  libinit2.o(.ARM.Collect$$libinit$$00000002)
    .ARM.Collect$$libinit$$00000004          0x20000136   Section        0  libinit2.o(.ARM.Collect$$libinit$$00000004)
    .ARM.Collect$$libinit$$0000000A          0x20000136   Section        0  libinit2.o(.ARM.Collect$$libinit$$0000000A)
    .ARM.Collect$$libinit$$0000000C          0x20000136   Section        0  libinit2.o(.ARM.Collect$$libinit$$0000000C)
    .ARM.Collect$$libinit$$0000000E          0x20000136   Section        0  libinit2.o(.ARM.Collect$$libinit$$0000000E)
    .ARM.Collect$$libinit$$00000011          0x20000136   Section        0  libinit2.o(.ARM.Collect$$libinit$$00000011)
    .ARM.Collect$$libinit$$00000013          0x20000136   Section        0  libinit2.o(.ARM.Collect$$libinit$$00000013)
    .ARM.Collect$$libinit$$00000015          0x20000136   Section        0  libinit2.o(.ARM.Collect$$libinit$$00000015)
    .ARM.Collect$$libinit$$00000017          0x20000136   Section        0  libinit2.o(.ARM.Collect$$libinit$$00000017)
    .ARM.Collect$$libinit$$00000019          0x20000136   Section        0  libinit2.o(.ARM.Collect$$libinit$$00000019)
    .ARM.Collect$$libinit$$0000001B          0x20000136   Section        0  libinit2.o(.ARM.Collect$$libinit$$0000001B)
    .ARM.Collect$$libinit$$0000001D          0x20000136   Section        0  libinit2.o(.ARM.Collect$$libinit$$0000001D)
    .ARM.Collect$$libinit$$0000001F          0x20000136   Section        0  libinit2.o(.ARM.Collect$$libinit$$0000001F)
    .ARM.Collect$$libinit$$00000021          0x20000136   Section        0  libinit2.o(.ARM.Collect$$libinit$$00000021)
    .ARM.Collect$$libinit$$00000023          0x20000136   Section        0  libinit2.o(.ARM.Collect$$libinit$$00000023)
    .ARM.Collect$$libinit$$00000025          0x20000136   Section        0  libinit2.o(.ARM.Collect$$libinit$$00000025)
    .ARM.Collect$$libinit$$0000002C          0x20000136   Section        0  libinit2.o(.ARM.Collect$$libinit$$0000002C)
    .ARM.Collect$$libinit$$0000002E          0x20000136   Section        0  libinit2.o(.ARM.Collect$$libinit$$0000002E)
    .ARM.Collect$$libinit$$00000030          0x20000136   Section        0  libinit2.o(.ARM.Collect$$libinit$$00000030)
    .ARM.Collect$$libinit$$00000032          0x20000136   Section        0  libinit2.o(.ARM.Collect$$libinit$$00000032)
    .ARM.Collect$$libinit$$00000033          0x20000136   Section        2  libinit2.o(.ARM.Collect$$libinit$$00000033)
    .ARM.Collect$$libshutdown$$00000000      0x20000138   Section        2  libshutdown.o(.ARM.Collect$$libshutdown$$00000000)
    .ARM.Collect$$libshutdown$$00000002      0x2000013a   Section        0  libshutdown2.o(.ARM.Collect$$libshutdown$$00000002)
    .ARM.Collect$$libshutdown$$00000004      0x2000013a   Section        0  libshutdown2.o(.ARM.Collect$$libshutdown$$00000004)
    .ARM.Collect$$libshutdown$$00000007      0x2000013a   Section        0  libshutdown2.o(.ARM.Collect$$libshutdown$$00000007)
    .ARM.Collect$$libshutdown$$0000000A      0x2000013a   Section        0  libshutdown2.o(.ARM.Collect$$libshutdown$$0000000A)
    .ARM.Collect$$libshutdown$$0000000C      0x2000013a   Section        0  libshutdown2.o(.ARM.Collect$$libshutdown$$0000000C)
    .ARM.Collect$$libshutdown$$0000000F      0x2000013a   Section        0  libshutdown2.o(.ARM.Collect$$libshutdown$$0000000F)
    .ARM.Collect$$libshutdown$$00000010      0x2000013a   Section        2  libshutdown2.o(.ARM.Collect$$libshutdown$$00000010)
    .ARM.Collect$$rtentry$$00000000          0x2000013c   Section        0  __rtentry.o(.ARM.Collect$$rtentry$$00000000)
    .ARM.Collect$$rtentry$$00000002          0x2000013c   Section        0  __rtentry2.o(.ARM.Collect$$rtentry$$00000002)
    .ARM.Collect$$rtentry$$00000004          0x2000013c   Section        6  __rtentry4.o(.ARM.Collect$$rtentry$$00000004)
    .ARM.Collect$$rtentry$$00000009          0x20000142   Section        0  __rtentry2.o(.ARM.Collect$$rtentry$$00000009)
    .ARM.Collect$$rtentry$$0000000A          0x20000142   Section        4  __rtentry2.o(.ARM.Collect$$rtentry$$0000000A)
    .ARM.Collect$$rtentry$$0000000C          0x20000146   Section        0  __rtentry2.o(.ARM.Collect$$rtentry$$0000000C)
    .ARM.Collect$$rtentry$$0000000D          0x20000146   Section        8  __rtentry2.o(.ARM.Collect$$rtentry$$0000000D)
    .ARM.Collect$$rtexit$$00000000           0x2000014e   Section        2  rtexit.o(.ARM.Collect$$rtexit$$00000000)
    .ARM.Collect$$rtexit$$00000002           0x20000150   Section        0  rtexit2.o(.ARM.Collect$$rtexit$$00000002)
    .ARM.Collect$$rtexit$$00000003           0x20000150   Section        4  rtexit2.o(.ARM.Collect$$rtexit$$00000003)
    .ARM.Collect$$rtexit$$00000004           0x20000154   Section        6  rtexit2.o(.ARM.Collect$$rtexit$$00000004)
    .text                                    0x2000015c   Section       64  startup_mdr32f9qx.o(.text)
    .text                                    0x2000019c   Section      100  rt_memcpy_w.o(.text)
    .text                                    0x20000200   Section       78  rt_memclr_w.o(.text)
    .text                                    0x2000024e   Section        0  heapauxi.o(.text)
    .text                                    0x20000254   Section       74  sys_stackheap_outer.o(.text)
    .text                                    0x2000029e   Section        0  exit.o(.text)
    .text                                    0x200002b0   Section        8  libspace.o(.text)
    .text                                    0x200002b8   Section        0  sys_exit.o(.text)
    .text                                    0x200002c4   Section        2  use_no_semi.o(.text)
    .text                                    0x200002c6   Section        0  indicate_semi.o(.text)
    i.ADC1_Cmd                               0x200002c8   Section        0  mdr32f9qx_adc.o(i.ADC1_Cmd)
    i.ADC1_Config                            0x200002e4   Section        0  main.o(i.ADC1_Config)
    i.ADC1_GetResult                         0x20000340   Section        0  mdr32f9qx_adc.o(i.ADC1_GetResult)
    i.ADC1_Init                              0x2000034c   Section        0  mdr32f9qx_adc.o(i.ADC1_Init)
    i.ADC1_Start                             0x200003a8   Section        0  mdr32f9qx_adc.o(i.ADC1_Start)
    i.ADC2_Cmd                               0x200003bc   Section        0  mdr32f9qx_adc.o(i.ADC2_Cmd)
    i.ADC2_Config                            0x200003d8   Section        0  main.o(i.ADC2_Config)
    i.ADC2_GetResult                         0x20000434   Section        0  mdr32f9qx_adc.o(i.ADC2_GetResult)
    i.ADC2_Init                              0x20000440   Section        0  mdr32f9qx_adc.o(i.ADC2_Init)
    i.ADC2_Start                             0x20000490   Section        0  mdr32f9qx_adc.o(i.ADC2_Start)
    i.ADC_DeInit                             0x200004a4   Section        0  mdr32f9qx_adc.o(i.ADC_DeInit)
    i.ADC_GetFlagStatus                      0x200004d0   Section        0  mdr32f9qx_adc.o(i.ADC_GetFlagStatus)
    i.ADC_GetStatus                          0x200004e8   Section        0  mdr32f9qx_adc.o(i.ADC_GetStatus)
    i.ADC_IRQHandler                         0x200004fc   Section        0  mdr32f9qx_it.o(i.ADC_IRQHandler)
    i.ADC_Init                               0x20000500   Section        0  mdr32f9qx_adc.o(i.ADC_Init)
    i.ADC_StructInit                         0x20000540   Section        0  mdr32f9qx_adc.o(i.ADC_StructInit)
    i.ADCx_StructInit                        0x20000552   Section        0  mdr32f9qx_adc.o(i.ADCx_StructInit)
    i.BACKUP_IRQHandler                      0x20000570   Section        0  main.o(i.BACKUP_IRQHandler)
    i.BKP_RTC_Enable                         0x200005a4   Section        0  mdr32f9qx_bkp.o(i.BKP_RTC_Enable)
    i.BKP_RTC_GetFlagStatus                  0x200005b0   Section        0  mdr32f9qx_bkp.o(i.BKP_RTC_GetFlagStatus)
    i.BKP_RTC_ITConfig                       0x200005c8   Section        0  mdr32f9qx_bkp.o(i.BKP_RTC_ITConfig)
    i.BKP_RTC_Reset                          0x200005e8   Section        0  mdr32f9qx_bkp.o(i.BKP_RTC_Reset)
    i.BKP_RTC_SetAlarm                       0x200005f4   Section        0  mdr32f9qx_bkp.o(i.BKP_RTC_SetAlarm)
    i.BKP_RTC_SetCounter                     0x20000600   Section        0  mdr32f9qx_bkp.o(i.BKP_RTC_SetCounter)
    i.BKP_RTC_SetPrescaler                   0x2000060c   Section        0  mdr32f9qx_bkp.o(i.BKP_RTC_SetPrescaler)
    i.BKP_RTC_WaitForUpdate                  0x20000618   Section        0  mdr32f9qx_bkp.o(i.BKP_RTC_WaitForUpdate)
    i.BKP_RTCclkSource                       0x20000628   Section        0  mdr32f9qx_bkp.o(i.BKP_RTCclkSource)
    i.BusFault_Handler                       0x20000640   Section        0  mdr32f9qx_it.o(i.BusFault_Handler)
    i.CAN1_IRQHandler                        0x20000644   Section        0  mdr32f9qx_it.o(i.CAN1_IRQHandler)
    i.CAN2_IRQHandler                        0x20000646   Section        0  mdr32f9qx_it.o(i.CAN2_IRQHandler)
    i.COMPARATOR_IRQHandler                  0x20000648   Section        0  mdr32f9qx_it.o(i.COMPARATOR_IRQHandler)
    i.Command_Handler                        0x2000064c   Section        0  main.o(i.Command_Handler)
    i.DMA_IRQHandler                         0x200007ac   Section        0  mdr32f9qx_it.o(i.DMA_IRQHandler)
    i.DebugMon_Handler                       0x200007ae   Section        0  mdr32f9qx_it.o(i.DebugMon_Handler)
    i.DelayConfig                            0x200007b0   Section        0  main.o(i.DelayConfig)
    i.Delayms                                0x200007d8   Section        0  main.o(i.Delayms)
    i.EXT_INT1_IRQHandler                    0x200007f4   Section        0  main.o(i.EXT_INT1_IRQHandler)
    i.EXT_INT2_IRQHandler                    0x200008f4   Section        0  main.o(i.EXT_INT2_IRQHandler)
    i.EXT_INT3_IRQHandler                    0x200009f4   Section        0  main.o(i.EXT_INT3_IRQHandler)
    i.EXT_INT4_IRQHandler                    0x20000af4   Section        0  main.o(i.EXT_INT4_IRQHandler)
    i.EmableINTERUPT                         0x20000bf8   Section        0  main.o(i.EmableINTERUPT)
    i.HardFault_Handler                      0x20000c32   Section        0  mdr32f9qx_it.o(i.HardFault_Handler)
    i.I2C_IRQHandler                         0x20000c36   Section        0  mdr32f9qx_it.o(i.I2C_IRQHandler)
    i.MemManage_Handler                      0x20000c38   Section        0  mdr32f9qx_it.o(i.MemManage_Handler)
    i.MltPinCfg                              0x20000c3c   Section        0  main.o(i.MltPinCfg)
    i.NMI_Handler                            0x20000d7c   Section        0  mdr32f9qx_it.o(i.NMI_Handler)
    i.NVIC_DisableIRQ                        0x20000d80   Section        0  main.o(i.NVIC_DisableIRQ)
    NVIC_DisableIRQ                          0x20000d81   Thumb Code    18  main.o(i.NVIC_DisableIRQ)
    i.NVIC_EnableIRQ                         0x20000d98   Section        0  main.o(i.NVIC_EnableIRQ)
    NVIC_EnableIRQ                           0x20000d99   Thumb Code    22  main.o(i.NVIC_EnableIRQ)
    i.Next_Uart_sending                      0x20000db0   Section        0  main.o(i.Next_Uart_sending)
    i.PORT_Init                              0x20000e28   Section        0  mdr32f9qx_port.o(i.PORT_Init)
    i.PORT_ReadInputData                     0x20000ff0   Section        0  mdr32f9qx_port.o(i.PORT_ReadInputData)
    i.PORT_ReadInputDataBit                  0x20000ff6   Section        0  mdr32f9qx_port.o(i.PORT_ReadInputDataBit)
    i.PORT_ResetBits                         0x20001008   Section        0  mdr32f9qx_port.o(i.PORT_ResetBits)
    i.PORT_SetBits                           0x20001024   Section        0  mdr32f9qx_port.o(i.PORT_SetBits)
    i.POWER_IRQHandler                       0x20001040   Section        0  mdr32f9qx_it.o(i.POWER_IRQHandler)
    i.PendSV_Handler                         0x20001042   Section        0  mdr32f9qx_it.o(i.PendSV_Handler)
    i.Put_to_CODE                            0x20001044   Section        0  main.o(i.Put_to_CODE)
    i.Put_to_CODE_2                          0x200010bc   Section        0  main.o(i.Put_to_CODE_2)
    i.RST_CLK_CPU_PLLcmd                     0x20001108   Section        0  mdr32f9qx_rst_clk.o(i.RST_CLK_CPU_PLLcmd)
    i.RST_CLK_CPU_PLLconfig                  0x20001114   Section        0  mdr32f9qx_rst_clk.o(i.RST_CLK_CPU_PLLconfig)
    i.RST_CLK_CPU_PLLstatus                  0x20001154   Section        0  mdr32f9qx_rst_clk.o(i.RST_CLK_CPU_PLLstatus)
    i.RST_CLK_CPU_PLLuse                     0x20001188   Section        0  mdr32f9qx_rst_clk.o(i.RST_CLK_CPU_PLLuse)
    i.RST_CLK_CPUclkSelection                0x20001194   Section        0  mdr32f9qx_rst_clk.o(i.RST_CLK_CPUclkSelection)
    i.RST_CLK_DeInit                         0x200011a8   Section        0  mdr32f9qx_rst_clk.o(i.RST_CLK_DeInit)
    i.RST_CLK_GetClocksFreq                  0x200011d4   Section        0  mdr32f9qx_rst_clk.o(i.RST_CLK_GetClocksFreq)
    i.RST_CLK_GetFlagStatus                  0x2000144c   Section        0  mdr32f9qx_rst_clk.o(i.RST_CLK_GetFlagStatus)
    i.RST_CLK_HSEclkPrescaler                0x20001480   Section        0  mdr32f9qx_rst_clk.o(i.RST_CLK_HSEclkPrescaler)
    i.RST_CLK_HSEconfig                      0x20001494   Section        0  mdr32f9qx_rst_clk.o(i.RST_CLK_HSEconfig)
    i.RST_CLK_HSEstatus                      0x200014d0   Section        0  mdr32f9qx_rst_clk.o(i.RST_CLK_HSEstatus)
    i.RST_CLK_HSIcmd                         0x20001504   Section        0  mdr32f9qx_rst_clk.o(i.RST_CLK_HSIcmd)
    i.RST_CLK_HSIstatus                      0x20001510   Section        0  mdr32f9qx_rst_clk.o(i.RST_CLK_HSIstatus)
    i.RST_CLK_PCLKcmd                        0x20001544   Section        0  mdr32f9qx_rst_clk.o(i.RST_CLK_PCLKcmd)
    i.RST_CLK_RTC_HSEclkEnable               0x20001564   Section        0  mdr32f9qx_rst_clk.o(i.RST_CLK_RTC_HSEclkEnable)
    i.RST_CLK_WarmDeInit                     0x20001570   Section        0  mdr32f9qx_rst_clk.o(i.RST_CLK_WarmDeInit)
    i.SSP1_IRQHandler                        0x200015c4   Section        0  mdr32f9qx_it.o(i.SSP1_IRQHandler)
    i.SSP2_IRQHandler                        0x200015c6   Section        0  mdr32f9qx_it.o(i.SSP2_IRQHandler)
    i.SVC_Handler                            0x200015c8   Section        0  mdr32f9qx_it.o(i.SVC_Handler)
    i.SetupExternalOscillator                0x200015ca   Section        0  main.o(i.SetupExternalOscillator)
    i.SetupRTC                               0x2000160c   Section        0  main.o(i.SetupRTC)
    i.Start_Uart_sending                     0x20001688   Section        0  main.o(i.Start_Uart_sending)
    i.SysTick_Handler                        0x200016dc   Section        0  mdr32f9qx_it.o(i.SysTick_Handler)
    i.SystemCoreClockUpdate                  0x200016e0   Section        0  system_mdr32f9qx.o(i.SystemCoreClockUpdate)
    i.SystemInit                             0x20001774   Section        0  system_mdr32f9qx.o(i.SystemInit)
    i.TIMER_GetITStatus                      0x200017b4   Section        0  mdr32f9qx_timer.o(i.TIMER_GetITStatus)
    i.Timer1_IRQHandler                      0x200017cc   Section        0  mdr32f9qx_it.o(i.Timer1_IRQHandler)
    i.Timer2_IRQHandler                      0x200017ec   Section        0  mdr32f9qx_it.o(i.Timer2_IRQHandler)
    i.Timer3_IRQHandler                      0x2000180c   Section        0  mdr32f9qx_it.o(i.Timer3_IRQHandler)
    i.UART1_IRQHandler                       0x20001810   Section        0  mdr32f9qx_it.o(i.UART1_IRQHandler)
    i.UART2_IRQHandler                       0x2000182c   Section        0  mdr32f9qx_it.o(i.UART2_IRQHandler)
    i.UART_BRGInit                           0x20001854   Section        0  mdr32f9qx_uart.o(i.UART_BRGInit)
    i.UART_ClearITPendingBit                 0x20001890   Section        0  mdr32f9qx_uart.o(i.UART_ClearITPendingBit)
    i.UART_Cmd                               0x20001898   Section        0  mdr32f9qx_uart.o(i.UART_Cmd)
    i.UART_GetFlagStatus                     0x200018b0   Section        0  mdr32f9qx_uart.o(i.UART_GetFlagStatus)
    i.UART_GetITStatusMasked                 0x200018c0   Section        0  mdr32f9qx_uart.o(i.UART_GetITStatusMasked)
    i.UART_Init                              0x200018d0   Section        0  mdr32f9qx_uart.o(i.UART_Init)
    i.UART_ReceiveData                       0x20001980   Section        0  mdr32f9qx_uart.o(i.UART_ReceiveData)
    i.UART_SendData                          0x20001988   Section        0  mdr32f9qx_uart.o(i.UART_SendData)
    i.USB_IRQHandler                         0x2000198e   Section        0  mdr32f9qx_it.o(i.USB_IRQHandler)
    i.Uart1PinCfg                            0x20001990   Section        0  main.o(i.Uart1PinCfg)
    i.Uart1Setup                             0x20001a10   Section        0  main.o(i.Uart1Setup)
    i.UartStart                              0x20001a58   Section        0  main.o(i.UartStart)
    i.UsageFault_Handler                     0x20001a74   Section        0  mdr32f9qx_it.o(i.UsageFault_Handler)
    i.WWDG_IRQHandler                        0x20001a78   Section        0  mdr32f9qx_it.o(i.WWDG_IRQHandler)
    i.convers                                0x20001a7a   Section        0  main.o(i.convers)
    i.main                                   0x20001ad4   Section        0  main.o(i.main)
    .conststring                             0x20001f38   Section      121  main.o(.conststring)
    .data                                    0x20004000   Section      132  main.o(.data)
    Program_flags                            0x20004000   Data           4  main.o(.data)
    State_of_PortC                           0x20004004   Data           2  main.o(.data)
    .data                                    0x20004084   Section       12  mdr32f9qx_it.o(.data)
    .data                                    0x20004090   Section        4  system_mdr32f9qx.o(.data)
    .bss                                     0x20004094   Section     1464  main.o(.bss)
    INTERUPT_J_ON                            0x200045d4   Data          20  main.o(.bss)
    PortInit                                 0x200045e8   Data          12  main.o(.bss)
    UART_InitStructure                       0x200045f4   Data          16  main.o(.bss)
    .bss                                     0x2000464c   Section       96  libspace.o(.bss)
    HEAP                                     0x200046b0   Section      512  startup_mdr32f9qx.o(HEAP)
    Heap_Mem                                 0x200046b0   Data         512  startup_mdr32f9qx.o(HEAP)
    STACK                                    0x200048b0   Section     1024  startup_mdr32f9qx.o(STACK)
    Stack_Mem                                0x200048b0   Data        1024  startup_mdr32f9qx.o(STACK)
    __initial_sp                             0x20004cb0   Data           0  startup_mdr32f9qx.o(STACK)

    Global Symbols

    Symbol Name                              Value     Ov Type        Size  Object(Section)

    BuildAttributes$$THM_ISAv4$P$D$K$B$S$PE$A:L22UL41UL21$X:L11$S22US41US21$IEEE1$IW$USESV6$~STKCKD$USESV7$~SHL$OSPACE$ROPI$EBA8$UX$STANDARDLIB$REQ8$PRES8$EABIv2 0x00000000   Number         0  anon$$obj.o ABSOLUTE
    __ARM_use_no_argv                        0x00000000   Number         0  main.o ABSOLUTE
    __ARM_exceptions_init                     - Undefined Weak Reference
    __alloca_initialize                       - Undefined Weak Reference
    __arm_preinit_                            - Undefined Weak Reference
    __cpp_initialize__aeabi_                  - Undefined Weak Reference
    __cxa_finalize                            - Undefined Weak Reference
    __rt_locale                               - Undefined Weak Reference
    __sigvec_lookup                           - Undefined Weak Reference
    _atexit_init                              - Undefined Weak Reference
    _call_atexit_fns                          - Undefined Weak Reference
    _clock_init                               - Undefined Weak Reference
    _fp_trap_init                             - Undefined Weak Reference
    _fp_trap_shutdown                         - Undefined Weak Reference
    _get_lc_collate                           - Undefined Weak Reference
    _get_lc_ctype                             - Undefined Weak Reference
    _get_lc_monetary                          - Undefined Weak Reference
    _get_lc_numeric                           - Undefined Weak Reference
    _get_lc_time                              - Undefined Weak Reference
    _getenv_init                              - Undefined Weak Reference
    _handle_redirection                       - Undefined Weak Reference
    _init_alloc                               - Undefined Weak Reference
    _init_user_alloc                          - Undefined Weak Reference
    _initio                                   - Undefined Weak Reference
    _rand_init                                - Undefined Weak Reference
    _signal_finish                            - Undefined Weak Reference
    _signal_init                              - Undefined Weak Reference
    _terminate_alloc                          - Undefined Weak Reference
    _terminate_user_alloc                     - Undefined Weak Reference
    _terminateio                              - Undefined Weak Reference
    __Vectors_Size                           0x000000c0   Number         0  startup_mdr32f9qx.o ABSOLUTE
    __Vectors                                0x20000000   Data           4  startup_mdr32f9qx.o(RESET)
    __Vectors_End                            0x200000c0   Data           0  startup_mdr32f9qx.o(RESET)
    __main                                   0x200000c1   Thumb Code     8  __main.o(!!!main)
    __scatterload                            0x200000c9   Thumb Code     0  __scatter.o(!!!scatter)
    __scatterload_rt2                        0x200000c9   Thumb Code    44  __scatter.o(!!!scatter)
    __scatterload_rt2_thumb_only             0x200000c9   Thumb Code     0  __scatter.o(!!!scatter)
    __scatterload_null                       0x200000d7   Thumb Code     0  __scatter.o(!!!scatter)
    __scatterload_copy                       0x200000fd   Thumb Code    26  __scatter_copy.o(!!handler_copy)
    __scatterload_zeroinit                   0x20000119   Thumb Code    28  __scatter_zi.o(!!handler_zi)
    __rt_lib_init                            0x20000135   Thumb Code     0  libinit.o(.ARM.Collect$$libinit$$00000000)
    __rt_lib_init_alloca_1                   0x20000137   Thumb Code     0  libinit2.o(.ARM.Collect$$libinit$$0000002E)
    __rt_lib_init_argv_1                     0x20000137   Thumb Code     0  libinit2.o(.ARM.Collect$$libinit$$0000002C)
    __rt_lib_init_atexit_1                   0x20000137   Thumb Code     0  libinit2.o(.ARM.Collect$$libinit$$0000001B)
    __rt_lib_init_clock_1                    0x20000137   Thumb Code     0  libinit2.o(.ARM.Collect$$libinit$$00000021)
    __rt_lib_init_cpp_1                      0x20000137   Thumb Code     0  libinit2.o(.ARM.Collect$$libinit$$00000032)
    __rt_lib_init_exceptions_1               0x20000137   Thumb Code     0  libinit2.o(.ARM.Collect$$libinit$$00000030)
    __rt_lib_init_fp_1                       0x20000137   Thumb Code     0  libinit2.o(.ARM.Collect$$libinit$$00000002)
    __rt_lib_init_fp_trap_1                  0x20000137   Thumb Code     0  libinit2.o(.ARM.Collect$$libinit$$0000001F)
    __rt_lib_init_getenv_1                   0x20000137   Thumb Code     0  libinit2.o(.ARM.Collect$$libinit$$00000023)
    __rt_lib_init_heap_1                     0x20000137   Thumb Code     0  libinit2.o(.ARM.Collect$$libinit$$0000000A)
    __rt_lib_init_lc_collate_1               0x20000137   Thumb Code     0  libinit2.o(.ARM.Collect$$libinit$$00000011)
    __rt_lib_init_lc_ctype_1                 0x20000137   Thumb Code     0  libinit2.o(.ARM.Collect$$libinit$$00000013)
    __rt_lib_init_lc_monetary_1              0x20000137   Thumb Code     0  libinit2.o(.ARM.Collect$$libinit$$00000015)
    __rt_lib_init_lc_numeric_1               0x20000137   Thumb Code     0  libinit2.o(.ARM.Collect$$libinit$$00000017)
    __rt_lib_init_lc_time_1                  0x20000137   Thumb Code     0  libinit2.o(.ARM.Collect$$libinit$$00000019)
    __rt_lib_init_preinit_1                  0x20000137   Thumb Code     0  libinit2.o(.ARM.Collect$$libinit$$00000004)
    __rt_lib_init_rand_1                     0x20000137   Thumb Code     0  libinit2.o(.ARM.Collect$$libinit$$0000000E)
    __rt_lib_init_return                     0x20000137   Thumb Code     0  libinit2.o(.ARM.Collect$$libinit$$00000033)
    __rt_lib_init_signal_1                   0x20000137   Thumb Code     0  libinit2.o(.ARM.Collect$$libinit$$0000001D)
    __rt_lib_init_stdio_1                    0x20000137   Thumb Code     0  libinit2.o(.ARM.Collect$$libinit$$00000025)
    __rt_lib_init_user_alloc_1               0x20000137   Thumb Code     0  libinit2.o(.ARM.Collect$$libinit$$0000000C)
    __rt_lib_shutdown                        0x20000139   Thumb Code     0  libshutdown.o(.ARM.Collect$$libshutdown$$00000000)
    __rt_lib_shutdown_cpp_1                  0x2000013b   Thumb Code     0  libshutdown2.o(.ARM.Collect$$libshutdown$$00000002)
    __rt_lib_shutdown_fp_trap_1              0x2000013b   Thumb Code     0  libshutdown2.o(.ARM.Collect$$libshutdown$$00000007)
    __rt_lib_shutdown_heap_1                 0x2000013b   Thumb Code     0  libshutdown2.o(.ARM.Collect$$libshutdown$$0000000F)
    __rt_lib_shutdown_return                 0x2000013b   Thumb Code     0  libshutdown2.o(.ARM.Collect$$libshutdown$$00000010)
    __rt_lib_shutdown_signal_1               0x2000013b   Thumb Code     0  libshutdown2.o(.ARM.Collect$$libshutdown$$0000000A)
    __rt_lib_shutdown_stdio_1                0x2000013b   Thumb Code     0  libshutdown2.o(.ARM.Collect$$libshutdown$$00000004)
    __rt_lib_shutdown_user_alloc_1           0x2000013b   Thumb Code     0  libshutdown2.o(.ARM.Collect$$libshutdown$$0000000C)
    __rt_entry                               0x2000013d   Thumb Code     0  __rtentry.o(.ARM.Collect$$rtentry$$00000000)
    __rt_entry_presh_1                       0x2000013d   Thumb Code     0  __rtentry2.o(.ARM.Collect$$rtentry$$00000002)
    __rt_entry_sh                            0x2000013d   Thumb Code     0  __rtentry4.o(.ARM.Collect$$rtentry$$00000004)
    __rt_entry_li                            0x20000143   Thumb Code     0  __rtentry2.o(.ARM.Collect$$rtentry$$0000000A)
    __rt_entry_postsh_1                      0x20000143   Thumb Code     0  __rtentry2.o(.ARM.Collect$$rtentry$$00000009)
    __rt_entry_main                          0x20000147   Thumb Code     0  __rtentry2.o(.ARM.Collect$$rtentry$$0000000D)
    __rt_entry_postli_1                      0x20000147   Thumb Code     0  __rtentry2.o(.ARM.Collect$$rtentry$$0000000C)
    __rt_exit                                0x2000014f   Thumb Code     0  rtexit.o(.ARM.Collect$$rtexit$$00000000)
    __rt_exit_ls                             0x20000151   Thumb Code     0  rtexit2.o(.ARM.Collect$$rtexit$$00000003)
    __rt_exit_prels_1                        0x20000151   Thumb Code     0  rtexit2.o(.ARM.Collect$$rtexit$$00000002)
    __rt_exit_exit                           0x20000155   Thumb Code     0  rtexit2.o(.ARM.Collect$$rtexit$$00000004)
    Reset_Handler                            0x2000015d   Thumb Code     8  startup_mdr32f9qx.o(.text)
    __user_initial_stackheap                 0x20000179   Thumb Code     0  startup_mdr32f9qx.o(.text)
    __aeabi_memcpy4                          0x2000019d   Thumb Code     0  rt_memcpy_w.o(.text)
    __aeabi_memcpy8                          0x2000019d   Thumb Code     0  rt_memcpy_w.o(.text)
    __rt_memcpy_w                            0x2000019d   Thumb Code   100  rt_memcpy_w.o(.text)
    _memcpy_lastbytes_aligned                0x200001e5   Thumb Code     0  rt_memcpy_w.o(.text)
    __aeabi_memclr4                          0x20000201   Thumb Code     0  rt_memclr_w.o(.text)
    __aeabi_memclr8                          0x20000201   Thumb Code     0  rt_memclr_w.o(.text)
    __rt_memclr_w                            0x20000201   Thumb Code    78  rt_memclr_w.o(.text)
    _memset_w                                0x20000205   Thumb Code     0  rt_memclr_w.o(.text)
    __use_two_region_memory                  0x2000024f   Thumb Code     2  heapauxi.o(.text)
    __rt_heap_escrow$2region                 0x20000251   Thumb Code     2  heapauxi.o(.text)
    __rt_heap_expand$2region                 0x20000253   Thumb Code     2  heapauxi.o(.text)
    __user_setup_stackheap                   0x20000255   Thumb Code    74  sys_stackheap_outer.o(.text)
    exit                                     0x2000029f   Thumb Code    18  exit.o(.text)
    __user_libspace                          0x200002b1   Thumb Code     8  libspace.o(.text)
    __user_perproc_libspace                  0x200002b1   Thumb Code     0  libspace.o(.text)
    __user_perthread_libspace                0x200002b1   Thumb Code     0  libspace.o(.text)
    _sys_exit                                0x200002b9   Thumb Code     8  sys_exit.o(.text)
    __I$use$semihosting                      0x200002c5   Thumb Code     0  use_no_semi.o(.text)
    __use_no_semihosting_swi                 0x200002c5   Thumb Code     2  use_no_semi.o(.text)
    __semihosting_library_function           0x200002c7   Thumb Code     0  indicate_semi.o(.text)
    ADC1_Cmd                                 0x200002c9   Thumb Code    24  mdr32f9qx_adc.o(i.ADC1_Cmd)
    ADC1_Config                              0x200002e5   Thumb Code    84  main.o(i.ADC1_Config)
    ADC1_GetResult                           0x20000341   Thumb Code     6  mdr32f9qx_adc.o(i.ADC1_GetResult)
    ADC1_Init                                0x2000034d   Thumb Code    84  mdr32f9qx_adc.o(i.ADC1_Init)
    ADC1_Start                               0x200003a9   Thumb Code    14  mdr32f9qx_adc.o(i.ADC1_Start)
    ADC2_Cmd                                 0x200003bd   Thumb Code    24  mdr32f9qx_adc.o(i.ADC2_Cmd)
    ADC2_Config                              0x200003d9   Thumb Code    84  main.o(i.ADC2_Config)
    ADC2_GetResult                           0x20000435   Thumb Code     6  mdr32f9qx_adc.o(i.ADC2_GetResult)
    ADC2_Init                                0x20000441   Thumb Code    72  mdr32f9qx_adc.o(i.ADC2_Init)
    ADC2_Start                               0x20000491   Thumb Code    14  mdr32f9qx_adc.o(i.ADC2_Start)
    ADC_DeInit                               0x200004a5   Thumb Code    38  mdr32f9qx_adc.o(i.ADC_DeInit)
    ADC_GetFlagStatus                        0x200004d1   Thumb Code    22  mdr32f9qx_adc.o(i.ADC_GetFlagStatus)
    ADC_GetStatus                            0x200004e9   Thumb Code    14  mdr32f9qx_adc.o(i.ADC_GetStatus)
    ADC_IRQHandler                           0x200004fd   Thumb Code     2  mdr32f9qx_it.o(i.ADC_IRQHandler)
    ADC_Init                                 0x20000501   Thumb Code    52  mdr32f9qx_adc.o(i.ADC_Init)
    ADC_StructInit                           0x20000541   Thumb Code    18  mdr32f9qx_adc.o(i.ADC_StructInit)
    ADCx_StructInit                          0x20000553   Thumb Code    28  mdr32f9qx_adc.o(i.ADCx_StructInit)
    BACKUP_IRQHandler                        0x20000571   Thumb Code    42  main.o(i.BACKUP_IRQHandler)
    BKP_RTC_Enable                           0x200005a5   Thumb Code     6  mdr32f9qx_bkp.o(i.BKP_RTC_Enable)
    BKP_RTC_GetFlagStatus                    0x200005b1   Thumb Code    18  mdr32f9qx_bkp.o(i.BKP_RTC_GetFlagStatus)
    BKP_RTC_ITConfig                         0x200005c9   Thumb Code    26  mdr32f9qx_bkp.o(i.BKP_RTC_ITConfig)
    BKP_RTC_Reset                            0x200005e9   Thumb Code     6  mdr32f9qx_bkp.o(i.BKP_RTC_Reset)
    BKP_RTC_SetAlarm                         0x200005f5   Thumb Code     6  mdr32f9qx_bkp.o(i.BKP_RTC_SetAlarm)
    BKP_RTC_SetCounter                       0x20000601   Thumb Code     6  mdr32f9qx_bkp.o(i.BKP_RTC_SetCounter)
    BKP_RTC_SetPrescaler                     0x2000060d   Thumb Code     6  mdr32f9qx_bkp.o(i.BKP_RTC_SetPrescaler)
    BKP_RTC_WaitForUpdate                    0x20000619   Thumb Code    12  mdr32f9qx_bkp.o(i.BKP_RTC_WaitForUpdate)
    BKP_RTCclkSource                         0x20000629   Thumb Code    20  mdr32f9qx_bkp.o(i.BKP_RTCclkSource)
    BusFault_Handler                         0x20000641   Thumb Code     4  mdr32f9qx_it.o(i.BusFault_Handler)
    CAN1_IRQHandler                          0x20000645   Thumb Code     2  mdr32f9qx_it.o(i.CAN1_IRQHandler)
    CAN2_IRQHandler                          0x20000647   Thumb Code     2  mdr32f9qx_it.o(i.CAN2_IRQHandler)
    COMPARATOR_IRQHandler                    0x20000649   Thumb Code     2  mdr32f9qx_it.o(i.COMPARATOR_IRQHandler)
    Command_Handler                          0x2000064d   Thumb Code   306  main.o(i.Command_Handler)
    DMA_IRQHandler                           0x200007ad   Thumb Code     2  mdr32f9qx_it.o(i.DMA_IRQHandler)
    DebugMon_Handler                         0x200007af   Thumb Code     2  mdr32f9qx_it.o(i.DebugMon_Handler)
    DelayConfig                              0x200007b1   Thumb Code    30  main.o(i.DelayConfig)
    Delayms                                  0x200007d9   Thumb Code    28  main.o(i.Delayms)
    EXT_INT1_IRQHandler                      0x200007f5   Thumb Code   228  main.o(i.EXT_INT1_IRQHandler)
    EXT_INT2_IRQHandler                      0x200008f5   Thumb Code   228  main.o(i.EXT_INT2_IRQHandler)
    EXT_INT3_IRQHandler                      0x200009f5   Thumb Code   228  main.o(i.EXT_INT3_IRQHandler)
    EXT_INT4_IRQHandler                      0x20000af5   Thumb Code   230  main.o(i.EXT_INT4_IRQHandler)
    EmableINTERUPT                           0x20000bf9   Thumb Code    58  main.o(i.EmableINTERUPT)
    HardFault_Handler                        0x20000c33   Thumb Code     4  mdr32f9qx_it.o(i.HardFault_Handler)
    I2C_IRQHandler                           0x20000c37   Thumb Code     2  mdr32f9qx_it.o(i.I2C_IRQHandler)
    MemManage_Handler                        0x20000c39   Thumb Code     4  mdr32f9qx_it.o(i.MemManage_Handler)
    MltPinCfg                                0x20000c3d   Thumb Code   300  main.o(i.MltPinCfg)
    NMI_Handler                              0x20000d7d   Thumb Code     2  mdr32f9qx_it.o(i.NMI_Handler)
    Next_Uart_sending                        0x20000db1   Thumb Code    94  main.o(i.Next_Uart_sending)
    PORT_Init                                0x20000e29   Thumb Code   450  mdr32f9qx_port.o(i.PORT_Init)
    PORT_ReadInputData                       0x20000ff1   Thumb Code     6  mdr32f9qx_port.o(i.PORT_ReadInputData)
    PORT_ReadInputDataBit                    0x20000ff7   Thumb Code    16  mdr32f9qx_port.o(i.PORT_ReadInputDataBit)
    PORT_ResetBits                           0x20001009   Thumb Code    22  mdr32f9qx_port.o(i.PORT_ResetBits)
    PORT_SetBits                             0x20001025   Thumb Code    22  mdr32f9qx_port.o(i.PORT_SetBits)
    POWER_IRQHandler                         0x20001041   Thumb Code     2  mdr32f9qx_it.o(i.POWER_IRQHandler)
    PendSV_Handler                           0x20001043   Thumb Code     2  mdr32f9qx_it.o(i.PendSV_Handler)
    Put_to_CODE                              0x20001045   Thumb Code   102  main.o(i.Put_to_CODE)
    Put_to_CODE_2                            0x200010bd   Thumb Code    62  main.o(i.Put_to_CODE_2)
    RST_CLK_CPU_PLLcmd                       0x20001109   Thumb Code     6  mdr32f9qx_rst_clk.o(i.RST_CLK_CPU_PLLcmd)
    RST_CLK_CPU_PLLconfig                    0x20001115   Thumb Code    54  mdr32f9qx_rst_clk.o(i.RST_CLK_CPU_PLLconfig)
    RST_CLK_CPU_PLLstatus                    0x20001155   Thumb Code    52  mdr32f9qx_rst_clk.o(i.RST_CLK_CPU_PLLstatus)
    RST_CLK_CPU_PLLuse                       0x20001189   Thumb Code     6  mdr32f9qx_rst_clk.o(i.RST_CLK_CPU_PLLuse)
    RST_CLK_CPUclkSelection                  0x20001195   Thumb Code    16  mdr32f9qx_rst_clk.o(i.RST_CLK_CPUclkSelection)
    RST_CLK_DeInit                           0x200011a9   Thumb Code    38  mdr32f9qx_rst_clk.o(i.RST_CLK_DeInit)
    RST_CLK_GetClocksFreq                    0x200011d5   Thumb Code   620  mdr32f9qx_rst_clk.o(i.RST_CLK_GetClocksFreq)
    RST_CLK_GetFlagStatus                    0x2000144d   Thumb Code    42  mdr32f9qx_rst_clk.o(i.RST_CLK_GetFlagStatus)
    RST_CLK_HSEclkPrescaler                  0x20001481   Thumb Code    16  mdr32f9qx_rst_clk.o(i.RST_CLK_HSEclkPrescaler)
    RST_CLK_HSEconfig                        0x20001495   Thumb Code    56  mdr32f9qx_rst_clk.o(i.RST_CLK_HSEconfig)
    RST_CLK_HSEstatus                        0x200014d1   Thumb Code    52  mdr32f9qx_rst_clk.o(i.RST_CLK_HSEstatus)
    RST_CLK_HSIcmd                           0x20001505   Thumb Code     6  mdr32f9qx_rst_clk.o(i.RST_CLK_HSIcmd)
    RST_CLK_HSIstatus                        0x20001511   Thumb Code    52  mdr32f9qx_rst_clk.o(i.RST_CLK_HSIstatus)
    RST_CLK_PCLKcmd                          0x20001545   Thumb Code    26  mdr32f9qx_rst_clk.o(i.RST_CLK_PCLKcmd)
    RST_CLK_RTC_HSEclkEnable                 0x20001565   Thumb Code     6  mdr32f9qx_rst_clk.o(i.RST_CLK_RTC_HSEclkEnable)
    RST_CLK_WarmDeInit                       0x20001571   Thumb Code    74  mdr32f9qx_rst_clk.o(i.RST_CLK_WarmDeInit)
    SSP1_IRQHandler                          0x200015c5   Thumb Code     2  mdr32f9qx_it.o(i.SSP1_IRQHandler)
    SSP2_IRQHandler                          0x200015c7   Thumb Code     2  mdr32f9qx_it.o(i.SSP2_IRQHandler)
    SVC_Handler                              0x200015c9   Thumb Code     2  mdr32f9qx_it.o(i.SVC_Handler)
    SetupExternalOscillator                  0x200015cb   Thumb Code    64  main.o(i.SetupExternalOscillator)
    SetupRTC                                 0x2000160d   Thumb Code   118  main.o(i.SetupRTC)
    Start_Uart_sending                       0x20001689   Thumb Code    62  main.o(i.Start_Uart_sending)
    SysTick_Handler                          0x200016dd   Thumb Code     2  mdr32f9qx_it.o(i.SysTick_Handler)
    SystemCoreClockUpdate                    0x200016e1   Thumb Code   130  system_mdr32f9qx.o(i.SystemCoreClockUpdate)
    SystemInit                               0x20001775   Thumb Code    54  system_mdr32f9qx.o(i.SystemInit)
    TIMER_GetITStatus                        0x200017b5   Thumb Code    24  mdr32f9qx_timer.o(i.TIMER_GetITStatus)
    Timer1_IRQHandler                        0x200017cd   Thumb Code    28  mdr32f9qx_it.o(i.Timer1_IRQHandler)
    Timer2_IRQHandler                        0x200017ed   Thumb Code    22  mdr32f9qx_it.o(i.Timer2_IRQHandler)
    Timer3_IRQHandler                        0x2000180d   Thumb Code     2  mdr32f9qx_it.o(i.Timer3_IRQHandler)
    UART1_IRQHandler                         0x20001811   Thumb Code    20  mdr32f9qx_it.o(i.UART1_IRQHandler)
    UART2_IRQHandler                         0x2000182d   Thumb Code    30  mdr32f9qx_it.o(i.UART2_IRQHandler)
    UART_BRGInit                             0x20001855   Thumb Code    48  mdr32f9qx_uart.o(i.UART_BRGInit)
    UART_ClearITPendingBit                   0x20001891   Thumb Code     8  mdr32f9qx_uart.o(i.UART_ClearITPendingBit)
    UART_Cmd                                 0x20001899   Thumb Code    24  mdr32f9qx_uart.o(i.UART_Cmd)
    UART_GetFlagStatus                       0x200018b1   Thumb Code    16  mdr32f9qx_uart.o(i.UART_GetFlagStatus)
    UART_GetITStatusMasked                   0x200018c1   Thumb Code    16  mdr32f9qx_uart.o(i.UART_GetITStatusMasked)
    UART_Init                                0x200018d1   Thumb Code   162  mdr32f9qx_uart.o(i.UART_Init)
    UART_ReceiveData                         0x20001981   Thumb Code     8  mdr32f9qx_uart.o(i.UART_ReceiveData)
    UART_SendData                            0x20001989   Thumb Code     6  mdr32f9qx_uart.o(i.UART_SendData)
    USB_IRQHandler                           0x2000198f   Thumb Code     2  mdr32f9qx_it.o(i.USB_IRQHandler)
    Uart1PinCfg                              0x20001991   Thumb Code   118  main.o(i.Uart1PinCfg)
    Uart1Setup                               0x20001a11   Thumb Code    62  main.o(i.Uart1Setup)
    UartStart                                0x20001a59   Thumb Code    22  main.o(i.UartStart)
    UsageFault_Handler                       0x20001a75   Thumb Code     4  mdr32f9qx_it.o(i.UsageFault_Handler)
    WWDG_IRQHandler                          0x20001a79   Thumb Code     2  mdr32f9qx_it.o(i.WWDG_IRQHandler)
    convers                                  0x20001a7b   Thumb Code    90  main.o(i.convers)
    main                                     0x20001ad5   Thumb Code  1036  main.o(i.main)
    Region$$Table$$Base                      0x20001fb4   Number         0  anon$$obj.o(Region$$Table)
    Region$$Table$$Limit                     0x20001fd4   Number         0  anon$$obj.o(Region$$Table)
    Count_Si1                                0x20004008   Data           4  main.o(.data)
    Count_Si2                                0x2000400c   Data           4  main.o(.data)
    Count_Interrupts_1                       0x20004010   Data           4  main.o(.data)
    P_current                                0x20004014   Data           4  main.o(.data)
    P_Last                                   0x20004018   Data           4  main.o(.data)
    Delay_timer                              0x2000401c   Data           2  main.o(.data)
    Seconds                                  0x20004020   Data           4  main.o(.data)
    Old_Second                               0x20004024   Data           4  main.o(.data)
    J_ADC                                    0x20004028   Data           4  main.o(.data)
    shift                                    0x2000402c   Data           4  main.o(.data)
    UKEY                                     0x20004030   Data           4  main.o(.data)
    INTERUPT_MODE                            0x20004034   Data           4  main.o(.data)
    Result_1                                 0x20004038   Data           2  main.o(.data)
    Result_2                                 0x2000403a   Data           2  main.o(.data)
    uart1_IT_TX_flag                         0x2000403c   Data           4  main.o(.data)
    uart1_IT_RX_flag                         0x20004040   Data           4  main.o(.data)
    uart2_IT_RX_flag                         0x20004044   Data           4  main.o(.data)
    sendbyte                                 0x20004048   Data           2  main.o(.data)
    ext_IT2_flag_previous                    0x2000404a   Data           2  main.o(.data)
    ext_IT4_flag_previous                    0x2000404c   Data           2  main.o(.data)
    tmpPORTc                                 0x20004050   Data           4  main.o(.data)
    tmp                                      0x20004054   Data           4  main.o(.data)
    tmp2                                     0x20004058   Data           4  main.o(.data)
    timer_tmp                                0x2000405c   Data           4  main.o(.data)
    H_Level                                  0x20004060   Data           4  main.o(.data)
    ext_IT1_flag                             0x20004064   Data           4  main.o(.data)
    ext_IT2_flag                             0x20004068   Data           4  main.o(.data)
    ext_IT3_flag                             0x2000406c   Data           4  main.o(.data)
    ext_IT4_flag                             0x20004070   Data           4  main.o(.data)
    ext_IT_own                               0x20004074   Data           4  main.o(.data)
    uart1_IT_RX_byte                         0x20004078   Data           2  main.o(.data)
    tmpPORT                                  0x2000407c   Data           4  main.o(.data)
    adcDelay                                 0x20004080   Data           4  main.o(.data)
    m_error                                  0x20004084   Data           4  mdr32f9qx_it.o(.data)
    error_none                               0x20004088   Data           4  mdr32f9qx_it.o(.data)
    nCount                                   0x2000408c   Data           4  mdr32f9qx_it.o(.data)
    SystemCoreClock                          0x20004090   Data           4  system_mdr32f9qx.o(.data)
    Send_buffer                              0x20004094   Data         128  main.o(.bss)
    Digital_test                             0x20004114   Data          64  main.o(.bss)
    Flux                                     0x20004154   Data         128  main.o(.bss)
    Flux_send                                0x200041d4   Data         128  main.o(.bss)
    Spectr                                   0x20004254   Data         512  main.o(.bss)
    Spectr_send                              0x20004454   Data         128  main.o(.bss)
    ADC_codes                                0x200044d4   Data         128  main.o(.bss)
    ADC_codes_send                           0x20004554   Data         128  main.o(.bss)
    sADC                                     0x20004604   Data          28  main.o(.bss)
    sADCx                                    0x20004620   Data          44  main.o(.bss)
    __libspace_start                         0x2000464c   Data          96  libspace.o(.bss)
    __temporary_stack_top$libspace           0x200046ac   Data           0  libspace.o(.bss)



==============================================================================

Memory Map of the image

  Image Entry point : 0x200000c1

  Load Region LR_IROM1 (Base: 0x20000000, Size: 0x00002068, Max: 0x00004000, ABSOLUTE)

    Execution Region ER_IROM1 (Exec base: 0x20000000, Load base: 0x20000000, Size: 0x00001fd4, Max: 0x00004000, ABSOLUTE)

    Exec Addr    Load Addr    Size         Type   Attr      Idx    E Section Name        Object

    0x20000000   0x20000000   0x000000c0   Data   RO          455    RESET               startup_mdr32f9qx.o
    0x200000c0   0x200000c0   0x00000008   Code   RO         1643  * !!!main             c_w.l(__main.o)
    0x200000c8   0x200000c8   0x00000034   Code   RO         1800    !!!scatter          c_w.l(__scatter.o)
    0x200000fc   0x200000fc   0x0000001a   Code   RO         1802    !!handler_copy      c_w.l(__scatter_copy.o)
    0x20000116   0x20000116   0x00000002   PAD
    0x20000118   0x20000118   0x0000001c   Code   RO         1804    !!handler_zi        c_w.l(__scatter_zi.o)
    0x20000134   0x20000134   0x00000002   Code   RO         1670    .ARM.Collect$$libinit$$00000000  c_w.l(libinit.o)
    0x20000136   0x20000136   0x00000000   Code   RO         1677    .ARM.Collect$$libinit$$00000002  c_w.l(libinit2.o)
    0x20000136   0x20000136   0x00000000   Code   RO         1679    .ARM.Collect$$libinit$$00000004  c_w.l(libinit2.o)
    0x20000136   0x20000136   0x00000000   Code   RO         1682    .ARM.Collect$$libinit$$0000000A  c_w.l(libinit2.o)
    0x20000136   0x20000136   0x00000000   Code   RO         1684    .ARM.Collect$$libinit$$0000000C  c_w.l(libinit2.o)
    0x20000136   0x20000136   0x00000000   Code   RO         1686    .ARM.Collect$$libinit$$0000000E  c_w.l(libinit2.o)
    0x20000136   0x20000136   0x00000000   Code   RO         1689    .ARM.Collect$$libinit$$00000011  c_w.l(libinit2.o)
    0x20000136   0x20000136   0x00000000   Code   RO         1691    .ARM.Collect$$libinit$$00000013  c_w.l(libinit2.o)
    0x20000136   0x20000136   0x00000000   Code   RO         1693    .ARM.Collect$$libinit$$00000015  c_w.l(libinit2.o)
    0x20000136   0x20000136   0x00000000   Code   RO         1695    .ARM.Collect$$libinit$$00000017  c_w.l(libinit2.o)
    0x20000136   0x20000136   0x00000000   Code   RO         1697    .ARM.Collect$$libinit$$00000019  c_w.l(libinit2.o)
    0x20000136   0x20000136   0x00000000   Code   RO         1699    .ARM.Collect$$libinit$$0000001B  c_w.l(libinit2.o)
    0x20000136   0x20000136   0x00000000   Code   RO         1701    .ARM.Collect$$libinit$$0000001D  c_w.l(libinit2.o)
    0x20000136   0x20000136   0x00000000   Code   RO         1703    .ARM.Collect$$libinit$$0000001F  c_w.l(libinit2.o)
    0x20000136   0x20000136   0x00000000   Code   RO         1705    .ARM.Collect$$libinit$$00000021  c_w.l(libinit2.o)
    0x20000136   0x20000136   0x00000000   Code   RO         1707    .ARM.Collect$$libinit$$00000023  c_w.l(libinit2.o)
    0x20000136   0x20000136   0x00000000   Code   RO         1709    .ARM.Collect$$libinit$$00000025  c_w.l(libinit2.o)
    0x20000136   0x20000136   0x00000000   Code   RO         1713    .ARM.Collect$$libinit$$0000002C  c_w.l(libinit2.o)
    0x20000136   0x20000136   0x00000000   Code   RO         1715    .ARM.Collect$$libinit$$0000002E  c_w.l(libinit2.o)
    0x20000136   0x20000136   0x00000000   Code   RO         1717    .ARM.Collect$$libinit$$00000030  c_w.l(libinit2.o)
    0x20000136   0x20000136   0x00000000   Code   RO         1719    .ARM.Collect$$libinit$$00000032  c_w.l(libinit2.o)
    0x20000136   0x20000136   0x00000002   Code   RO         1720    .ARM.Collect$$libinit$$00000033  c_w.l(libinit2.o)
    0x20000138   0x20000138   0x00000002   Code   RO         1740    .ARM.Collect$$libshutdown$$00000000  c_w.l(libshutdown.o)
    0x2000013a   0x2000013a   0x00000000   Code   RO         1753    .ARM.Collect$$libshutdown$$00000002  c_w.l(libshutdown2.o)
    0x2000013a   0x2000013a   0x00000000   Code   RO         1755    .ARM.Collect$$libshutdown$$00000004  c_w.l(libshutdown2.o)
    0x2000013a   0x2000013a   0x00000000   Code   RO         1758    .ARM.Collect$$libshutdown$$00000007  c_w.l(libshutdown2.o)
    0x2000013a   0x2000013a   0x00000000   Code   RO         1761    .ARM.Collect$$libshutdown$$0000000A  c_w.l(libshutdown2.o)
    0x2000013a   0x2000013a   0x00000000   Code   RO         1763    .ARM.Collect$$libshutdown$$0000000C  c_w.l(libshutdown2.o)
    0x2000013a   0x2000013a   0x00000000   Code   RO         1766    .ARM.Collect$$libshutdown$$0000000F  c_w.l(libshutdown2.o)
    0x2000013a   0x2000013a   0x00000002   Code   RO         1767    .ARM.Collect$$libshutdown$$00000010  c_w.l(libshutdown2.o)
    0x2000013c   0x2000013c   0x00000000   Code   RO         1645    .ARM.Collect$$rtentry$$00000000  c_w.l(__rtentry.o)
    0x2000013c   0x2000013c   0x00000000   Code   RO         1647    .ARM.Collect$$rtentry$$00000002  c_w.l(__rtentry2.o)
    0x2000013c   0x2000013c   0x00000006   Code   RO         1659    .ARM.Collect$$rtentry$$00000004  c_w.l(__rtentry4.o)
    0x20000142   0x20000142   0x00000000   Code   RO         1649    .ARM.Collect$$rtentry$$00000009  c_w.l(__rtentry2.o)
    0x20000142   0x20000142   0x00000004   Code   RO         1650    .ARM.Collect$$rtentry$$0000000A  c_w.l(__rtentry2.o)
    0x20000146   0x20000146   0x00000000   Code   RO         1652    .ARM.Collect$$rtentry$$0000000C  c_w.l(__rtentry2.o)
    0x20000146   0x20000146   0x00000008   Code   RO         1653    .ARM.Collect$$rtentry$$0000000D  c_w.l(__rtentry2.o)
    0x2000014e   0x2000014e   0x00000002   Code   RO         1674    .ARM.Collect$$rtexit$$00000000  c_w.l(rtexit.o)
    0x20000150   0x20000150   0x00000000   Code   RO         1722    .ARM.Collect$$rtexit$$00000002  c_w.l(rtexit2.o)
    0x20000150   0x20000150   0x00000004   Code   RO         1723    .ARM.Collect$$rtexit$$00000003  c_w.l(rtexit2.o)
    0x20000154   0x20000154   0x00000006   Code   RO         1724    .ARM.Collect$$rtexit$$00000004  c_w.l(rtexit2.o)
    0x2000015a   0x2000015a   0x00000002   PAD
    0x2000015c   0x2000015c   0x00000040   Code   RO          456    .text               startup_mdr32f9qx.o
    0x2000019c   0x2000019c   0x00000064   Code   RO         1637    .text               c_w.l(rt_memcpy_w.o)
    0x20000200   0x20000200   0x0000004e   Code   RO         1639    .text               c_w.l(rt_memclr_w.o)
    0x2000024e   0x2000024e   0x00000006   Code   RO         1641    .text               c_w.l(heapauxi.o)
    0x20000254   0x20000254   0x0000004a   Code   RO         1661    .text               c_w.l(sys_stackheap_outer.o)
    0x2000029e   0x2000029e   0x00000012   Code   RO         1663    .text               c_w.l(exit.o)
    0x200002b0   0x200002b0   0x00000008   Code   RO         1671    .text               c_w.l(libspace.o)
    0x200002b8   0x200002b8   0x0000000c   Code   RO         1732    .text               c_w.l(sys_exit.o)
    0x200002c4   0x200002c4   0x00000002   Code   RO         1743    .text               c_w.l(use_no_semi.o)
    0x200002c6   0x200002c6   0x00000000   Code   RO         1745    .text               c_w.l(indicate_semi.o)
    0x200002c6   0x200002c6   0x00000002   PAD
    0x200002c8   0x200002c8   0x0000001c   Code   RO          500    i.ADC1_Cmd          mdr32f9qx_adc.o
    0x200002e4   0x200002e4   0x0000005c   Code   RO            3    i.ADC1_Config       main.o
    0x20000340   0x20000340   0x0000000c   Code   RO          503    i.ADC1_GetResult    mdr32f9qx_adc.o
    0x2000034c   0x2000034c   0x0000005c   Code   RO          506    i.ADC1_Init         mdr32f9qx_adc.o
    0x200003a8   0x200003a8   0x00000014   Code   RO          514    i.ADC1_Start        mdr32f9qx_adc.o
    0x200003bc   0x200003bc   0x0000001c   Code   RO          518    i.ADC2_Cmd          mdr32f9qx_adc.o
    0x200003d8   0x200003d8   0x0000005c   Code   RO            4    i.ADC2_Config       main.o
    0x20000434   0x20000434   0x0000000c   Code   RO          521    i.ADC2_GetResult    mdr32f9qx_adc.o
    0x20000440   0x20000440   0x00000050   Code   RO          524    i.ADC2_Init         mdr32f9qx_adc.o
    0x20000490   0x20000490   0x00000014   Code   RO          532    i.ADC2_Start        mdr32f9qx_adc.o
    0x200004a4   0x200004a4   0x0000002c   Code   RO          533    i.ADC_DeInit        mdr32f9qx_adc.o
    0x200004d0   0x200004d0   0x00000016   Code   RO          534    i.ADC_GetFlagStatus  mdr32f9qx_adc.o
    0x200004e6   0x200004e6   0x00000002   PAD
    0x200004e8   0x200004e8   0x00000014   Code   RO          536    i.ADC_GetStatus     mdr32f9qx_adc.o
    0x200004fc   0x200004fc   0x00000002   Code   RO          283    i.ADC_IRQHandler    mdr32f9qx_it.o
    0x200004fe   0x200004fe   0x00000002   PAD
    0x20000500   0x20000500   0x00000040   Code   RO          538    i.ADC_Init          mdr32f9qx_adc.o
    0x20000540   0x20000540   0x00000012   Code   RO          540    i.ADC_StructInit    mdr32f9qx_adc.o
    0x20000552   0x20000552   0x0000001c   Code   RO          541    i.ADCx_StructInit   mdr32f9qx_adc.o
    0x2000056e   0x2000056e   0x00000002   PAD
    0x20000570   0x20000570   0x00000034   Code   RO            6    i.BACKUP_IRQHandler  main.o
    0x200005a4   0x200005a4   0x0000000c   Code   RO          785    i.BKP_RTC_Enable    mdr32f9qx_bkp.o
    0x200005b0   0x200005b0   0x00000018   Code   RO          788    i.BKP_RTC_GetFlagStatus  mdr32f9qx_bkp.o
    0x200005c8   0x200005c8   0x00000020   Code   RO          789    i.BKP_RTC_ITConfig  mdr32f9qx_bkp.o
    0x200005e8   0x200005e8   0x0000000c   Code   RO          790    i.BKP_RTC_Reset     mdr32f9qx_bkp.o
    0x200005f4   0x200005f4   0x0000000c   Code   RO          791    i.BKP_RTC_SetAlarm  mdr32f9qx_bkp.o
    0x20000600   0x20000600   0x0000000c   Code   RO          792    i.BKP_RTC_SetCounter  mdr32f9qx_bkp.o
    0x2000060c   0x2000060c   0x0000000c   Code   RO          793    i.BKP_RTC_SetPrescaler  mdr32f9qx_bkp.o
    0x20000618   0x20000618   0x00000010   Code   RO          794    i.BKP_RTC_WaitForUpdate  mdr32f9qx_bkp.o
    0x20000628   0x20000628   0x00000018   Code   RO          795    i.BKP_RTCclkSource  mdr32f9qx_bkp.o
    0x20000640   0x20000640   0x00000004   Code   RO          284    i.BusFault_Handler  mdr32f9qx_it.o
    0x20000644   0x20000644   0x00000002   Code   RO          285    i.CAN1_IRQHandler   mdr32f9qx_it.o
    0x20000646   0x20000646   0x00000002   Code   RO          286    i.CAN2_IRQHandler   mdr32f9qx_it.o
    0x20000648   0x20000648   0x00000002   Code   RO          287    i.COMPARATOR_IRQHandler  mdr32f9qx_it.o
    0x2000064a   0x2000064a   0x00000002   PAD
    0x2000064c   0x2000064c   0x00000160   Code   RO            7    i.Command_Handler   main.o
    0x200007ac   0x200007ac   0x00000002   Code   RO          288    i.DMA_IRQHandler    mdr32f9qx_it.o
    0x200007ae   0x200007ae   0x00000002   Code   RO          289    i.DebugMon_Handler  mdr32f9qx_it.o
    0x200007b0   0x200007b0   0x00000028   Code   RO           10    i.DelayConfig       main.o
    0x200007d8   0x200007d8   0x0000001c   Code   RO           11    i.Delayms           main.o
    0x200007f4   0x200007f4   0x00000100   Code   RO           12    i.EXT_INT1_IRQHandler  main.o
    0x200008f4   0x200008f4   0x00000100   Code   RO           13    i.EXT_INT2_IRQHandler  main.o
    0x200009f4   0x200009f4   0x00000100   Code   RO           14    i.EXT_INT3_IRQHandler  main.o
    0x20000af4   0x20000af4   0x00000104   Code   RO           15    i.EXT_INT4_IRQHandler  main.o
    0x20000bf8   0x20000bf8   0x0000003a   Code   RO           16    i.EmableINTERUPT    main.o
    0x20000c32   0x20000c32   0x00000004   Code   RO          290    i.HardFault_Handler  mdr32f9qx_it.o
    0x20000c36   0x20000c36   0x00000002   Code   RO          291    i.I2C_IRQHandler    mdr32f9qx_it.o
    0x20000c38   0x20000c38   0x00000004   Code   RO          292    i.MemManage_Handler  mdr32f9qx_it.o
    0x20000c3c   0x20000c3c   0x00000140   Code   RO           17    i.MltPinCfg         main.o
    0x20000d7c   0x20000d7c   0x00000002   Code   RO          293    i.NMI_Handler       mdr32f9qx_it.o
    0x20000d7e   0x20000d7e   0x00000002   PAD
    0x20000d80   0x20000d80   0x00000018   Code   RO           18    i.NVIC_DisableIRQ   main.o
    0x20000d98   0x20000d98   0x00000016   Code   RO           19    i.NVIC_EnableIRQ    main.o
    0x20000dae   0x20000dae   0x00000002   PAD
    0x20000db0   0x20000db0   0x00000078   Code   RO           20    i.Next_Uart_sending  main.o
    0x20000e28   0x20000e28   0x000001c8   Code   RO          886    i.PORT_Init         mdr32f9qx_port.o
    0x20000ff0   0x20000ff0   0x00000006   Code   RO          887    i.PORT_ReadInputData  mdr32f9qx_port.o
    0x20000ff6   0x20000ff6   0x00000010   Code   RO          888    i.PORT_ReadInputDataBit  mdr32f9qx_port.o
    0x20001006   0x20001006   0x00000002   PAD
    0x20001008   0x20001008   0x0000001c   Code   RO          889    i.PORT_ResetBits    mdr32f9qx_port.o
    0x20001024   0x20001024   0x0000001c   Code   RO          890    i.PORT_SetBits      mdr32f9qx_port.o
    0x20001040   0x20001040   0x00000002   Code   RO          294    i.POWER_IRQHandler  mdr32f9qx_it.o
    0x20001042   0x20001042   0x00000002   Code   RO          295    i.PendSV_Handler    mdr32f9qx_it.o
    0x20001044   0x20001044   0x00000078   Code   RO           21    i.Put_to_CODE       main.o
    0x200010bc   0x200010bc   0x0000004c   Code   RO           22    i.Put_to_CODE_2     main.o
    0x20001108   0x20001108   0x0000000c   Code   RO          956    i.RST_CLK_CPU_PLLcmd  mdr32f9qx_rst_clk.o
    0x20001114   0x20001114   0x00000040   Code   RO          957    i.RST_CLK_CPU_PLLconfig  mdr32f9qx_rst_clk.o
    0x20001154   0x20001154   0x00000034   Code   RO          958    i.RST_CLK_CPU_PLLstatus  mdr32f9qx_rst_clk.o
    0x20001188   0x20001188   0x0000000c   Code   RO          959    i.RST_CLK_CPU_PLLuse  mdr32f9qx_rst_clk.o
    0x20001194   0x20001194   0x00000014   Code   RO          961    i.RST_CLK_CPUclkSelection  mdr32f9qx_rst_clk.o
    0x200011a8   0x200011a8   0x0000002c   Code   RO          962    i.RST_CLK_DeInit    mdr32f9qx_rst_clk.o
    0x200011d4   0x200011d4   0x00000278   Code   RO          963    i.RST_CLK_GetClocksFreq  mdr32f9qx_rst_clk.o
    0x2000144c   0x2000144c   0x00000034   Code   RO          964    i.RST_CLK_GetFlagStatus  mdr32f9qx_rst_clk.o
    0x20001480   0x20001480   0x00000014   Code   RO          965    i.RST_CLK_HSEclkPrescaler  mdr32f9qx_rst_clk.o
    0x20001494   0x20001494   0x0000003c   Code   RO          966    i.RST_CLK_HSEconfig  mdr32f9qx_rst_clk.o
    0x200014d0   0x200014d0   0x00000034   Code   RO          967    i.RST_CLK_HSEstatus  mdr32f9qx_rst_clk.o
    0x20001504   0x20001504   0x0000000c   Code   RO          970    i.RST_CLK_HSIcmd    mdr32f9qx_rst_clk.o
    0x20001510   0x20001510   0x00000034   Code   RO          971    i.RST_CLK_HSIstatus  mdr32f9qx_rst_clk.o
    0x20001544   0x20001544   0x00000020   Code   RO          977    i.RST_CLK_PCLKcmd   mdr32f9qx_rst_clk.o
    0x20001564   0x20001564   0x0000000c   Code   RO          978    i.RST_CLK_RTC_HSEclkEnable  mdr32f9qx_rst_clk.o
    0x20001570   0x20001570   0x00000054   Code   RO          986    i.RST_CLK_WarmDeInit  mdr32f9qx_rst_clk.o
    0x200015c4   0x200015c4   0x00000002   Code   RO          296    i.SSP1_IRQHandler   mdr32f9qx_it.o
    0x200015c6   0x200015c6   0x00000002   Code   RO          297    i.SSP2_IRQHandler   mdr32f9qx_it.o
    0x200015c8   0x200015c8   0x00000002   Code   RO          298    i.SVC_Handler       mdr32f9qx_it.o
    0x200015ca   0x200015ca   0x00000040   Code   RO           24    i.SetupExternalOscillator  main.o
    0x2000160a   0x2000160a   0x00000002   PAD
    0x2000160c   0x2000160c   0x0000007c   Code   RO           25    i.SetupRTC          main.o
    0x20001688   0x20001688   0x00000054   Code   RO           27    i.Start_Uart_sending  main.o
    0x200016dc   0x200016dc   0x00000002   Code   RO          299    i.SysTick_Handler   mdr32f9qx_it.o
    0x200016de   0x200016de   0x00000002   PAD
    0x200016e0   0x200016e0   0x00000094   Code   RO          462    i.SystemCoreClockUpdate  system_mdr32f9qx.o
    0x20001774   0x20001774   0x00000040   Code   RO          463    i.SystemInit        system_mdr32f9qx.o
    0x200017b4   0x200017b4   0x00000018   Code   RO         1218    i.TIMER_GetITStatus  mdr32f9qx_timer.o
    0x200017cc   0x200017cc   0x00000020   Code   RO          300    i.Timer1_IRQHandler  mdr32f9qx_it.o
    0x200017ec   0x200017ec   0x00000020   Code   RO          301    i.Timer2_IRQHandler  mdr32f9qx_it.o
    0x2000180c   0x2000180c   0x00000002   Code   RO          302    i.Timer3_IRQHandler  mdr32f9qx_it.o
    0x2000180e   0x2000180e   0x00000002   PAD
    0x20001810   0x20001810   0x0000001c   Code   RO          303    i.UART1_IRQHandler  mdr32f9qx_it.o
    0x2000182c   0x2000182c   0x00000028   Code   RO          304    i.UART2_IRQHandler  mdr32f9qx_it.o
    0x20001854   0x20001854   0x0000003c   Code   RO         1521    i.UART_BRGInit      mdr32f9qx_uart.o
    0x20001890   0x20001890   0x00000008   Code   RO         1523    i.UART_ClearITPendingBit  mdr32f9qx_uart.o
    0x20001898   0x20001898   0x00000018   Code   RO         1524    i.UART_Cmd          mdr32f9qx_uart.o
    0x200018b0   0x200018b0   0x00000010   Code   RO         1528    i.UART_GetFlagStatus  mdr32f9qx_uart.o
    0x200018c0   0x200018c0   0x00000010   Code   RO         1530    i.UART_GetITStatusMasked  mdr32f9qx_uart.o
    0x200018d0   0x200018d0   0x000000b0   Code   RO         1532    i.UART_Init         mdr32f9qx_uart.o
    0x20001980   0x20001980   0x00000008   Code   RO         1535    i.UART_ReceiveData  mdr32f9qx_uart.o
    0x20001988   0x20001988   0x00000006   Code   RO         1536    i.UART_SendData     mdr32f9qx_uart.o
    0x2000198e   0x2000198e   0x00000002   Code   RO          305    i.USB_IRQHandler    mdr32f9qx_it.o
    0x20001990   0x20001990   0x00000080   Code   RO           29    i.Uart1PinCfg       main.o
    0x20001a10   0x20001a10   0x00000048   Code   RO           30    i.Uart1Setup        main.o
    0x20001a58   0x20001a58   0x0000001c   Code   RO           33    i.UartStart         main.o
    0x20001a74   0x20001a74   0x00000004   Code   RO          306    i.UsageFault_Handler  mdr32f9qx_it.o
    0x20001a78   0x20001a78   0x00000002   Code   RO          307    i.WWDG_IRQHandler   mdr32f9qx_it.o
    0x20001a7a   0x20001a7a   0x0000005a   Code   RO           34    i.convers           main.o
    0x20001ad4   0x20001ad4   0x00000464   Code   RO           35    i.main              main.o
    0x20001f38   0x20001f38   0x00000079   Data   RO           38    .conststring        main.o
    0x20001fb1   0x20001fb1   0x00000003   PAD
    0x20001fb4   0x20001fb4   0x00000020   Data   RO         1798    Region$$Table       anon$$obj.o


    Execution Region RW_IRAM1 (Exec base: 0x20004000, Load base: 0x20001fd4, Size: 0x00000cb0, Max: 0x00004000, ABSOLUTE)

    Exec Addr    Load Addr    Size         Type   Attr      Idx    E Section Name        Object

    0x20004000   0x20001fd4   0x00000084   Data   RW           39    .data               main.o
    0x20004084   0x20002058   0x0000000c   Data   RW          308    .data               mdr32f9qx_it.o
    0x20004090   0x20002064   0x00000004   Data   RW          464    .data               system_mdr32f9qx.o
    0x20004094        -       0x000005b8   Zero   RW           37    .bss                main.o
    0x2000464c        -       0x00000060   Zero   RW         1672    .bss                c_w.l(libspace.o)
    0x200046ac   0x20002068   0x00000004   PAD
    0x200046b0        -       0x00000200   Zero   RW          454    HEAP                startup_mdr32f9qx.o
    0x200048b0        -       0x00000400   Zero   RW          453    STACK               startup_mdr32f9qx.o


==============================================================================

Image component sizes


      Code (inc. data)   RO Data    RW Data    ZI Data      Debug   Object Name

      4138        422        121        132       1464     137704   main.o
       488         72          0          0          0       9249   mdr32f9qx_adc.o
       156         50          0          0          0       5526   mdr32f9qx_bkp.o
       182         32          0         12          0       9897   mdr32f9qx_it.o
       534         18          0          0          0       4369   mdr32f9qx_port.o
      1212         90          0          0          0      14198   mdr32f9qx_rst_clk.o
        24          0          0          0          0       1432   mdr32f9qx_timer.o
       314         26          0          0          0       6960   mdr32f9qx_uart.o
        64         26        192          0       1536        792   startup_mdr32f9qx.o
       212         28          0          4          0       1327   system_mdr32f9qx.o

    ----------------------------------------------------------------------
      7344        764        348        148       3000     191454   Object Totals
         0          0         32          0          0          0   (incl. Generated)
        20          0          3          0          0          0   (incl. Padding)

    ----------------------------------------------------------------------

      Code (inc. data)   RO Data    RW Data    ZI Data      Debug   Library Member Name

         8          0          0          0          0         68   __main.o
         0          0          0          0          0          0   __rtentry.o
        12          0          0          0          0          0   __rtentry2.o
         6          0          0          0          0          0   __rtentry4.o
        52          8          0          0          0          0   __scatter.o
        26          0          0          0          0          0   __scatter_copy.o
        28          0          0          0          0          0   __scatter_zi.o
        18          0          0          0          0         80   exit.o
         6          0          0          0          0        152   heapauxi.o
         0          0          0          0          0          0   indicate_semi.o
         2          0          0          0          0          0   libinit.o
         2          0          0          0          0          0   libinit2.o
         2          0          0          0          0          0   libshutdown.o
         2          0          0          0          0          0   libshutdown2.o
         8          4          0          0         96         68   libspace.o
        78          0          0          0          0         80   rt_memclr_w.o
       100          0          0          0          0         80   rt_memcpy_w.o
         2          0          0          0          0          0   rtexit.o
        10          0          0          0          0          0   rtexit2.o
        12          4          0          0          0         68   sys_exit.o
        74          0          0          0          0         80   sys_stackheap_outer.o
         2          0          0          0          0         68   use_no_semi.o

    ----------------------------------------------------------------------
       456         16          0          0        100        744   Library Totals
         6          0          0          0          4          0   (incl. Padding)

    ----------------------------------------------------------------------

      Code (inc. data)   RO Data    RW Data    ZI Data      Debug   Library Name

       450         16          0          0         96        744   c_w.l

    ----------------------------------------------------------------------
       456         16          0          0        100        744   Library Totals

    ----------------------------------------------------------------------

==============================================================================


      Code (inc. data)   RO Data    RW Data    ZI Data      Debug   

      7800        780        348        148       3100     186786   Grand Totals
      7800        780        348        148       3100     186786   ELF Image Totals
      7800        780        348        148          0          0   ROM Totals

==============================================================================

    Total RO  Size (Code + RO Data)                 8148 (   7.96kB)
    Total RW  Size (RW Data + ZI Data)              3248 (   3.17kB)
    Total ROM Size (Code + RO Data + RW Data)       8296 (   8.10kB)

==============================================================================

