<html>
<body>
<pre>
<h1>�Vision Build Log</h1>
<h2>Tool Versions:</h2>
IDE-Version: �Vision V5.28.0.0
Copyright (C) 2019 ARM Ltd and ARM Germany GmbH. All rights reserved.
License Information: Ivan Zolotarev, SINPMSU, LIC=----
 
Tool Versions:
Toolchain:       MDK-Lite  Version: 5.28.0.0
Toolchain Path:  C:\Keil_v5\ARM\ARMCC\Bin
C Compiler:      Armcc.exe V5.06 update 6 (build 750)
Assembler:       Armasm.exe V5.06 update 6 (build 750)
Linker/Locator:  ArmLink.exe V5.06 update 6 (build 750)
Library Manager: ArmAr.exe V5.06 update 6 (build 750)
Hex Converter:   FromElf.exe V5.06 update 6 (build 750)
CPU DLL:         SARMCM3.DLL V5.28.0.0
Dialog DLL:      DCM.DLL V1.17.3.0
Target DLL:      STLink\ST-LINKIII-KEIL_SWO.dll V3.0.6.0
Dialog DLL:      TCM.DLL V1.36.2.0
 
<h2>Project:</h2>
D:\Cortex\KODIZ\kodiz\kodiz_RAM\kodiz2.uvprojx
Project File Date:  08/21/2020

<h2>Output:</h2>
*** Using Compiler 'V5.06 update 6 (build 750)', folder: 'C:\Keil_v5\ARM\ARMCC\Bin'
Rebuild target 'Target 1'
assembling startup_MDR32F9Qx.s...
compiling MDR32F9Qx_it.c...
MDR32F9Qx_it.c(705): warning:  #9-D: nested comment is not allowed
  }/*
MDR32F9Qx_it.c(706): warning:  #9-D: nested comment is not allowed
  /*******************************************************************************
MDR32F9Qx_it.c: 2 warnings, 0 errors
compiling MDR32F9Qx_bkp.c...
compiling MDR32F9Qx_port.c...
compiling system_MDR32F9Qx.c...
compiling MDR32F9Qx_adc.c...
compiling main.c...
main.c(1579): warning:  #167-D: argument of type "int" is incompatible with parameter of type "const void *__restrict__"
  	 memcpy(Hello_text3 + 4, 23, 4);
main.c(1579): warning:  #152-D: conversion of nonzero integer to pointer
  	 memcpy(Hello_text3 + 4, 23, 4);
main.c(1577): warning:  #177-D: variable "time"  was declared but never referenced
  		uint32_t time = 23;
main.c(1600): warning:  #177-D: variable "J_ADC"  was declared but never referenced
  	int J_ADC=0;  // индекс элемента массива, куда должно записываться очередное значение. Одновременно критерий заполнености и готовности массива к передаче.
main.c: 4 warnings, 0 errors
compiling MDR32F9Qx_rst_clk.c...
compiling MDR32F9Qx_uart.c...
compiling MDR32F9Qx_timer.c...
linking...
Program Size: Code=7584 RO-data=240 RW-data=296 ZI-data=5728  
FromELF: creating hex file...
".\Objects\kodiz2.axf" - 0 Error(s), 6 Warning(s).

<h2>Software Packages used:</h2>

Package Vendor: Keil
                http://www.keil.com/pack/Keil.MDR1986BExx.1.5.3.pack
                Keil.MDR1986BExx.1.5.3
                Milandr MDR1986BExx Series Device Support, Drivers and Examples
   * Component: Startup Version: 1.5
   * Component: ADC Version: 1.5
   * Component: BKP Version: 1.5
   * Component: PORT Version: 1.5
   * Component: RST_CLK Version: 1.5
   * Component: TIMER Version: 1.5
   * Component: UART Version: 1.5

<h2>Collection of Component include folders:</h2>
  .\RTE\Device\MDR1986BE91
  .\RTE\_Target_1
  C:\Users\User\AppData\Local\Arm\Packs\Keil\MDR1986BExx\1.5.3\Libraries\CMSIS\CM3\CoreSupport
  C:\Users\User\AppData\Local\Arm\Packs\Keil\MDR1986BExx\1.5.3\Libraries\CMSIS\CM3\DeviceSupport\MDR32F9Qx\inc
  C:\Users\User\AppData\Local\Arm\Packs\Keil\MDR1986BExx\1.5.3\Libraries\MDR32F9Qx_StdPeriph_Driver\inc

<h2>Collection of Component Files used:</h2>

   * Component: Keil::Device:Startup:1.5
      Source file:   Libraries\CMSIS\CM3\DeviceSupport\MDR32F9Qx\startup\arm\startup_MDR32F9Qx.s
      Source file:   Libraries\CMSIS\CM3\DeviceSupport\MDR32F9Qx\startup\arm\system_MDR32F9Qx.c
      Include file:  Libraries\CMSIS\CM3\DeviceSupport\MDR32F9Qx\startup\arm\system_MDR32F9Qx.h
      Include file:  Libraries\CMSIS\CM3\CoreSupport\core_cm3.h
      Include file:  Config\MDR32F9Qx_config.h

   * Component: Keil::Drivers:ADC:1.5
      Include file:  Libraries\MDR32F9Qx_StdPeriph_Driver\inc\MDR32F9Qx_adc.h
      Source file:   Libraries\MDR32F9Qx_StdPeriph_Driver\src\MDR32F9Qx_adc.c

   * Component: Keil::Drivers:BKP:1.5
      Include file:  Libraries\MDR32F9Qx_StdPeriph_Driver\inc\MDR32F9Qx_bkp.h
      Source file:   Libraries\MDR32F9Qx_StdPeriph_Driver\src\MDR32F9Qx_bkp.c

   * Component: Keil::Drivers:PORT:1.5
      Include file:  Libraries\MDR32F9Qx_StdPeriph_Driver\inc\MDR32F9Qx_port.h
      Source file:   Libraries\MDR32F9Qx_StdPeriph_Driver\src\MDR32F9Qx_port.c

   * Component: Keil::Drivers:RST_CLK:1.5
      Include file:  Libraries\MDR32F9Qx_StdPeriph_Driver\inc\MDR32F9Qx_rst_clk.h
      Source file:   Libraries\MDR32F9Qx_StdPeriph_Driver\src\MDR32F9Qx_rst_clk.c

   * Component: Keil::Drivers:TIMER:1.5
      Include file:  Libraries\MDR32F9Qx_StdPeriph_Driver\inc\MDR32F9Qx_timer.h
      Source file:   Libraries\MDR32F9Qx_StdPeriph_Driver\src\MDR32F9Qx_timer.c

   * Component: Keil::Drivers:UART:1.5
      Include file:  Libraries\MDR32F9Qx_StdPeriph_Driver\inc\MDR32F9Qx_uart.h
      Source file:   Libraries\MDR32F9Qx_StdPeriph_Driver\src\MDR32F9Qx_uart.c
Build Time Elapsed:  00:00:01
</pre>
</body>
</html>
